// Jest Snapshot v1, https://goo.gl/fbAQLP

exports[`when loading a bad marking the UnrecognizedMarkingWarning we have no props on initial load 1`] = `
Object {
  "projects": Array [
    Object {
      "_id": "1234",
      "created": "1234",
      "creator": "me",
      "description": "test",
      "name": "test",
    },
    Object {
      "_id": "12345",
      "created": "12345",
      "creator": "me",
      "description": "test",
      "name": "test",
    },
  ],
}
`;

exports[`when loading a bad marking the UnrecognizedMarkingWarning we no state 1`] = `Object {}`;

exports[`when loading a bad marking the UnrecognizedMarkingWarning we should have a full initialization 1`] = `
<ProjectsList
  projects={
    Array [
      Object {
        "_id": "1234",
        "created": "1234",
        "creator": "me",
        "description": "test",
        "name": "test",
      },
      Object {
        "_id": "12345",
        "created": "12345",
        "creator": "me",
        "description": "test",
        "name": "test",
      },
    ]
  }
>
  <div
    className="container pt-0"
  >
    <div
      className="card"
    >
      <div
        className="list-group list-group-flush"
      >
        <Project
          created="1234"
          creator="me"
          description="test"
          id="1234"
          key="1234"
          name="test"
        >
          <a
            className="list-group-item list-group-item-action"
            href="/projects/1234"
          >
            <div
              className="h6"
            >
              <span
                className="badge badge-secondary mr-1"
              >
                project
              </span>
               
              test
            </div>
            <p
              className="mb-2"
            >
              test
            </p>
            <small>
              <em>
                Created 
                <span>
                  1234
                </span>
                 by 
                <span>
                  me
                </span>
              </em>
            </small>
          </a>
        </Project>
        <Project
          created="12345"
          creator="me"
          description="test"
          id="12345"
          key="12345"
          name="test"
        >
          <a
            className="list-group-item list-group-item-action"
            href="/projects/12345"
          >
            <div
              className="h6"
            >
              <span
                className="badge badge-secondary mr-1"
              >
                project
              </span>
               
              test
            </div>
            <p
              className="mb-2"
            >
              test
            </p>
            <small>
              <em>
                Created 
                <span>
                  12345
                </span>
                 by 
                <span>
                  me
                </span>
              </em>
            </small>
          </a>
        </Project>
      </div>
    </div>
  </div>
</ProjectsList>
`;
