// Jest Snapshot v1, https://goo.gl/fbAQLP

exports[`when we load the RemoteFileBrowser we expect the correct props to populate 1`] = `
<div
  className="slycat-remote-browser"
>
  <div
    className="form-group path"
    data-bind-fail="css: {'is-invalid': path_error}"
  >
    <label
      className="col-sm-3"
    >
      string
    </label>
    <div
      className="col-sm-10"
    >
      <div
        className="input-group"
        style={
          Object {
            "float": "left",
            "marginRight": "5px",
            "width": "calc(100% - 44px)",
          }
        }
      >
        <input
          className="form-control"
          id="slycat-remote-browser-path"
          onChange={[Function]}
          type="text"
          value={null}
        />
        <div
          className="input-group-append"
        >
          <button
            className="btn btn-secondary"
            onClick={[Function]}
          >
            Go
          </button>
        </div>
      </div>
      <div
        className="btn-group"
        role="group"
        style={
          Object {
            "float": "right",
          }
        }
      >
        <button
          className="btn btn-secondary"
          data-bind-fail=" click:up, disable:path()=='/' "
          onClick={[Function]}
          title="Navigate to parent directory"
          type="button"
        >
          <i
            aria-hidden="true"
            className="fa fa-level-up"
          />
        </button>
      </div>
    </div>
  </div>
  <div
    style={
      Object {
        "display": "block",
        "height": "384px",
        "overflow": "auto",
        "position": "relative",
      }
    }
  >
    <table
      className="table table-hover table-bordered"
    >
      <thead
        className="thead-light"
      >
        <tr>
          <th />
          <th>
            Name
          </th>
          <th>
            Size
          </th>
          <th>
            Date Modified
          </th>
        </tr>
      </thead>
      <tbody />
    </table>
  </div>
</div>
`;
