// Jest Snapshot v1, https://goo.gl/fbAQLP

exports[`when loading a slycat selector we have expected props on initial load 1`] = `
Object {
  "checked": true,
  "onChange": [MockFunction],
  "style": Object {
    "marginRight": "92%",
  },
  "text": "Local",
  "value": "local",
}
`;

exports[`when loading a slycat selector we see no state 1`] = `Object {}`;

exports[`when loading a slycat selector we should have a full initialization 1`] = `
SlycatFormRadioCheckbox {
  "_reactInternalFiber": FiberNode {
    "_debugHookTypes": null,
    "_debugID": 75,
    "_debugIsCurrentlyTiming": false,
    "_debugOwner": FiberNode {
      "_debugHookTypes": null,
      "_debugID": 74,
      "_debugIsCurrentlyTiming": false,
      "_debugOwner": null,
      "_debugSource": null,
      "actualDuration": 0,
      "actualStartTime": -1,
      "alternate": null,
      "child": [Circular],
      "childExpirationTime": 0,
      "contextDependencies": null,
      "effectTag": 1,
      "elementType": [Function],
      "expirationTime": 0,
      "firstEffect": null,
      "index": 0,
      "key": null,
      "lastEffect": null,
      "memoizedProps": Object {
        "Component": [Function],
        "context": null,
        "props": Object {
          "checked": true,
          "onChange": [MockFunction],
          "style": Object {
            "marginRight": "92%",
          },
          "text": "Local",
          "value": "local",
        },
        "wrappingComponentProps": null,
      },
      "memoizedState": Object {
        "context": null,
        "mount": true,
        "props": Object {
          "checked": true,
          "onChange": [MockFunction],
          "style": Object {
            "marginRight": "92%",
          },
          "text": "Local",
          "value": "local",
        },
        "wrappingComponentProps": null,
      },
      "mode": 0,
      "nextEffect": FiberNode {
        "_debugHookTypes": null,
        "_debugID": 72,
        "_debugIsCurrentlyTiming": false,
        "_debugOwner": null,
        "_debugSource": null,
        "actualDuration": 0,
        "actualStartTime": -1,
        "alternate": FiberNode {
          "_debugHookTypes": null,
          "_debugID": 72,
          "_debugIsCurrentlyTiming": false,
          "_debugOwner": null,
          "_debugSource": null,
          "actualDuration": 0,
          "actualStartTime": -1,
          "alternate": [Circular],
          "child": null,
          "childExpirationTime": 0,
          "contextDependencies": null,
          "effectTag": 0,
          "elementType": null,
          "expirationTime": 1073741823,
          "firstEffect": null,
          "index": 0,
          "key": null,
          "lastEffect": null,
          "memoizedProps": null,
          "memoizedState": null,
          "mode": 0,
          "nextEffect": null,
          "pendingProps": null,
          "ref": null,
          "return": null,
          "selfBaseDuration": 0,
          "sibling": null,
          "stateNode": Object {
            "containerInfo": <div>
              <div
                class="form-check"
              >
                <label
                  class="form-check-label"
                  for="radio1"
                  style="margin-right: 92%;"
                >
                  <input
                    checked=""
                    class="form-check-input"
                    type="radio"
                    value="local"
                  />
                  Local
                </label>
              </div>
            </div>,
            "context": Object {},
            "current": [Circular],
            "didError": false,
            "earliestPendingTime": 0,
            "earliestSuspendedTime": 0,
            "expirationTime": 0,
            "finishedWork": null,
            "firstBatch": null,
            "hydrate": false,
            "interactionThreadID": 17,
            "latestPendingTime": 0,
            "latestPingedTime": 0,
            "latestSuspendedTime": 0,
            "memoizedInteractions": Set {},
            "nextExpirationTimeToWorkOn": 0,
            "nextScheduledRoot": null,
            "pendingChildren": null,
            "pendingCommitExpirationTime": 0,
            "pendingContext": null,
            "pendingInteractionMap": Map {},
            "pingCache": null,
            "timeoutHandle": -1,
          },
          "tag": 3,
          "treeBaseDuration": 0,
          "type": null,
          "updateQueue": Object {
            "baseState": null,
            "firstCapturedEffect": null,
            "firstCapturedUpdate": null,
            "firstEffect": null,
            "firstUpdate": Object {
              "callback": null,
              "expirationTime": 1073741823,
              "next": null,
              "nextEffect": null,
              "payload": Object {
                "element": <WrapperComponent
                  Component={[Function]}
                  context={null}
                  props={
                    Object {
                      "checked": true,
                      "onChange": [MockFunction],
                      "style": Object {
                        "marginRight": "92%",
                      },
                      "text": "Local",
                      "value": "local",
                    }
                  }
                  wrappingComponentProps={null}
                />,
              },
              "tag": 0,
            },
            "lastCapturedEffect": null,
            "lastCapturedUpdate": null,
            "lastEffect": null,
            "lastUpdate": Object {
              "callback": null,
              "expirationTime": 1073741823,
              "next": null,
              "nextEffect": null,
              "payload": Object {
                "element": <WrapperComponent
                  Component={[Function]}
                  context={null}
                  props={
                    Object {
                      "checked": true,
                      "onChange": [MockFunction],
                      "style": Object {
                        "marginRight": "92%",
                      },
                      "text": "Local",
                      "value": "local",
                    }
                  }
                  wrappingComponentProps={null}
                />,
              },
              "tag": 0,
            },
          },
        },
        "child": [Circular],
        "childExpirationTime": 0,
        "contextDependencies": null,
        "effectTag": 32,
        "elementType": null,
        "expirationTime": 0,
        "firstEffect": [Circular],
        "index": 0,
        "key": null,
        "lastEffect": [Circular],
        "memoizedProps": null,
        "memoizedState": Object {
          "element": <WrapperComponent
            Component={[Function]}
            context={null}
            props={
              Object {
                "checked": true,
                "onChange": [MockFunction],
                "style": Object {
                  "marginRight": "92%",
                },
                "text": "Local",
                "value": "local",
              }
            }
            wrappingComponentProps={null}
          />,
        },
        "mode": 0,
        "nextEffect": null,
        "pendingProps": null,
        "ref": null,
        "return": null,
        "selfBaseDuration": 0,
        "sibling": null,
        "stateNode": Object {
          "containerInfo": <div>
            <div
              class="form-check"
            >
              <label
                class="form-check-label"
                for="radio1"
                style="margin-right: 92%;"
              >
                <input
                  checked=""
                  class="form-check-input"
                  type="radio"
                  value="local"
                />
                Local
              </label>
            </div>
          </div>,
          "context": Object {},
          "current": [Circular],
          "didError": false,
          "earliestPendingTime": 0,
          "earliestSuspendedTime": 0,
          "expirationTime": 0,
          "finishedWork": null,
          "firstBatch": null,
          "hydrate": false,
          "interactionThreadID": 17,
          "latestPendingTime": 0,
          "latestPingedTime": 0,
          "latestSuspendedTime": 0,
          "memoizedInteractions": Set {},
          "nextExpirationTimeToWorkOn": 0,
          "nextScheduledRoot": null,
          "pendingChildren": null,
          "pendingCommitExpirationTime": 0,
          "pendingContext": null,
          "pendingInteractionMap": Map {},
          "pingCache": null,
          "timeoutHandle": -1,
        },
        "tag": 3,
        "treeBaseDuration": 0,
        "type": null,
        "updateQueue": Object {
          "baseState": Object {
            "element": <WrapperComponent
              Component={[Function]}
              context={null}
              props={
                Object {
                  "checked": true,
                  "onChange": [MockFunction],
                  "style": Object {
                    "marginRight": "92%",
                  },
                  "text": "Local",
                  "value": "local",
                }
              }
              wrappingComponentProps={null}
            />,
          },
          "firstCapturedEffect": null,
          "firstCapturedUpdate": null,
          "firstEffect": null,
          "firstUpdate": null,
          "lastCapturedEffect": null,
          "lastCapturedUpdate": null,
          "lastEffect": null,
          "lastUpdate": null,
        },
      },
      "pendingProps": Object {
        "Component": [Function],
        "context": null,
        "props": Object {
          "checked": true,
          "onChange": [MockFunction],
          "style": Object {
            "marginRight": "92%",
          },
          "text": "Local",
          "value": "local",
        },
        "wrappingComponentProps": null,
      },
      "ref": null,
      "return": FiberNode {
        "_debugHookTypes": null,
        "_debugID": 72,
        "_debugIsCurrentlyTiming": false,
        "_debugOwner": null,
        "_debugSource": null,
        "actualDuration": 0,
        "actualStartTime": -1,
        "alternate": FiberNode {
          "_debugHookTypes": null,
          "_debugID": 72,
          "_debugIsCurrentlyTiming": false,
          "_debugOwner": null,
          "_debugSource": null,
          "actualDuration": 0,
          "actualStartTime": -1,
          "alternate": [Circular],
          "child": null,
          "childExpirationTime": 0,
          "contextDependencies": null,
          "effectTag": 0,
          "elementType": null,
          "expirationTime": 1073741823,
          "firstEffect": null,
          "index": 0,
          "key": null,
          "lastEffect": null,
          "memoizedProps": null,
          "memoizedState": null,
          "mode": 0,
          "nextEffect": null,
          "pendingProps": null,
          "ref": null,
          "return": null,
          "selfBaseDuration": 0,
          "sibling": null,
          "stateNode": Object {
            "containerInfo": <div>
              <div
                class="form-check"
              >
                <label
                  class="form-check-label"
                  for="radio1"
                  style="margin-right: 92%;"
                >
                  <input
                    checked=""
                    class="form-check-input"
                    type="radio"
                    value="local"
                  />
                  Local
                </label>
              </div>
            </div>,
            "context": Object {},
            "current": [Circular],
            "didError": false,
            "earliestPendingTime": 0,
            "earliestSuspendedTime": 0,
            "expirationTime": 0,
            "finishedWork": null,
            "firstBatch": null,
            "hydrate": false,
            "interactionThreadID": 17,
            "latestPendingTime": 0,
            "latestPingedTime": 0,
            "latestSuspendedTime": 0,
            "memoizedInteractions": Set {},
            "nextExpirationTimeToWorkOn": 0,
            "nextScheduledRoot": null,
            "pendingChildren": null,
            "pendingCommitExpirationTime": 0,
            "pendingContext": null,
            "pendingInteractionMap": Map {},
            "pingCache": null,
            "timeoutHandle": -1,
          },
          "tag": 3,
          "treeBaseDuration": 0,
          "type": null,
          "updateQueue": Object {
            "baseState": null,
            "firstCapturedEffect": null,
            "firstCapturedUpdate": null,
            "firstEffect": null,
            "firstUpdate": Object {
              "callback": null,
              "expirationTime": 1073741823,
              "next": null,
              "nextEffect": null,
              "payload": Object {
                "element": <WrapperComponent
                  Component={[Function]}
                  context={null}
                  props={
                    Object {
                      "checked": true,
                      "onChange": [MockFunction],
                      "style": Object {
                        "marginRight": "92%",
                      },
                      "text": "Local",
                      "value": "local",
                    }
                  }
                  wrappingComponentProps={null}
                />,
              },
              "tag": 0,
            },
            "lastCapturedEffect": null,
            "lastCapturedUpdate": null,
            "lastEffect": null,
            "lastUpdate": Object {
              "callback": null,
              "expirationTime": 1073741823,
              "next": null,
              "nextEffect": null,
              "payload": Object {
                "element": <WrapperComponent
                  Component={[Function]}
                  context={null}
                  props={
                    Object {
                      "checked": true,
                      "onChange": [MockFunction],
                      "style": Object {
                        "marginRight": "92%",
                      },
                      "text": "Local",
                      "value": "local",
                    }
                  }
                  wrappingComponentProps={null}
                />,
              },
              "tag": 0,
            },
          },
        },
        "child": [Circular],
        "childExpirationTime": 0,
        "contextDependencies": null,
        "effectTag": 32,
        "elementType": null,
        "expirationTime": 0,
        "firstEffect": [Circular],
        "index": 0,
        "key": null,
        "lastEffect": [Circular],
        "memoizedProps": null,
        "memoizedState": Object {
          "element": <WrapperComponent
            Component={[Function]}
            context={null}
            props={
              Object {
                "checked": true,
                "onChange": [MockFunction],
                "style": Object {
                  "marginRight": "92%",
                },
                "text": "Local",
                "value": "local",
              }
            }
            wrappingComponentProps={null}
          />,
        },
        "mode": 0,
        "nextEffect": null,
        "pendingProps": null,
        "ref": null,
        "return": null,
        "selfBaseDuration": 0,
        "sibling": null,
        "stateNode": Object {
          "containerInfo": <div>
            <div
              class="form-check"
            >
              <label
                class="form-check-label"
                for="radio1"
                style="margin-right: 92%;"
              >
                <input
                  checked=""
                  class="form-check-input"
                  type="radio"
                  value="local"
                />
                Local
              </label>
            </div>
          </div>,
          "context": Object {},
          "current": [Circular],
          "didError": false,
          "earliestPendingTime": 0,
          "earliestSuspendedTime": 0,
          "expirationTime": 0,
          "finishedWork": null,
          "firstBatch": null,
          "hydrate": false,
          "interactionThreadID": 17,
          "latestPendingTime": 0,
          "latestPingedTime": 0,
          "latestSuspendedTime": 0,
          "memoizedInteractions": Set {},
          "nextExpirationTimeToWorkOn": 0,
          "nextScheduledRoot": null,
          "pendingChildren": null,
          "pendingCommitExpirationTime": 0,
          "pendingContext": null,
          "pendingInteractionMap": Map {},
          "pingCache": null,
          "timeoutHandle": -1,
        },
        "tag": 3,
        "treeBaseDuration": 0,
        "type": null,
        "updateQueue": Object {
          "baseState": Object {
            "element": <WrapperComponent
              Component={[Function]}
              context={null}
              props={
                Object {
                  "checked": true,
                  "onChange": [MockFunction],
                  "style": Object {
                    "marginRight": "92%",
                  },
                  "text": "Local",
                  "value": "local",
                }
              }
              wrappingComponentProps={null}
            />,
          },
          "firstCapturedEffect": null,
          "firstCapturedUpdate": null,
          "firstEffect": null,
          "firstUpdate": null,
          "lastCapturedEffect": null,
          "lastCapturedUpdate": null,
          "lastEffect": null,
          "lastUpdate": null,
        },
      },
      "selfBaseDuration": 0,
      "sibling": null,
      "stateNode": WrapperComponent {
        "_reactInternalFiber": [Circular],
        "_reactInternalInstance": Object {},
        "context": Object {},
        "props": Object {
          "Component": [Function],
          "context": null,
          "props": Object {
            "checked": true,
            "onChange": [MockFunction],
            "style": Object {
              "marginRight": "92%",
            },
            "text": "Local",
            "value": "local",
          },
          "wrappingComponentProps": null,
        },
        "refs": Object {},
        "rootFinderInstance": null,
        "state": Object {
          "context": null,
          "mount": true,
          "props": Object {
            "checked": true,
            "onChange": [MockFunction],
            "style": Object {
              "marginRight": "92%",
            },
            "text": "Local",
            "value": "local",
          },
          "wrappingComponentProps": null,
        },
        "updater": Object {
          "enqueueForceUpdate": [Function],
          "enqueueReplaceState": [Function],
          "enqueueSetState": [Function],
          "isMounted": [Function],
        },
      },
      "tag": 1,
      "treeBaseDuration": 0,
      "type": [Function],
      "updateQueue": null,
    },
    "_debugSource": null,
    "actualDuration": 0,
    "actualStartTime": -1,
    "alternate": null,
    "child": FiberNode {
      "_debugHookTypes": null,
      "_debugID": 76,
      "_debugIsCurrentlyTiming": false,
      "_debugOwner": [Circular],
      "_debugSource": null,
      "actualDuration": 0,
      "actualStartTime": -1,
      "alternate": null,
      "child": FiberNode {
        "_debugHookTypes": null,
        "_debugID": 77,
        "_debugIsCurrentlyTiming": false,
        "_debugOwner": [Circular],
        "_debugSource": null,
        "actualDuration": 0,
        "actualStartTime": -1,
        "alternate": null,
        "child": FiberNode {
          "_debugHookTypes": null,
          "_debugID": 78,
          "_debugIsCurrentlyTiming": false,
          "_debugOwner": [Circular],
          "_debugSource": null,
          "actualDuration": 0,
          "actualStartTime": -1,
          "alternate": null,
          "child": null,
          "childExpirationTime": 0,
          "contextDependencies": null,
          "effectTag": 0,
          "elementType": "input",
          "expirationTime": 0,
          "firstEffect": null,
          "index": 0,
          "key": null,
          "lastEffect": null,
          "memoizedProps": Object {
            "checked": true,
            "className": "form-check-input",
            "onChange": [Function],
            "type": "radio",
            "value": "local",
          },
          "memoizedState": null,
          "mode": 0,
          "nextEffect": null,
          "pendingProps": Object {
            "checked": true,
            "className": "form-check-input",
            "onChange": [Function],
            "type": "radio",
            "value": "local",
          },
          "ref": null,
          "return": [Circular],
          "selfBaseDuration": 0,
          "sibling": FiberNode {
            "_debugHookTypes": null,
            "_debugID": 79,
            "_debugIsCurrentlyTiming": false,
            "_debugOwner": null,
            "_debugSource": null,
            "actualDuration": 0,
            "actualStartTime": -1,
            "alternate": null,
            "child": null,
            "childExpirationTime": 0,
            "contextDependencies": null,
            "effectTag": 0,
            "elementType": null,
            "expirationTime": 0,
            "firstEffect": null,
            "index": 1,
            "key": null,
            "lastEffect": null,
            "memoizedProps": "Local",
            "memoizedState": null,
            "mode": 0,
            "nextEffect": null,
            "pendingProps": "Local",
            "ref": null,
            "return": [Circular],
            "selfBaseDuration": 0,
            "sibling": null,
            "stateNode": Local,
            "tag": 6,
            "treeBaseDuration": 0,
            "type": null,
            "updateQueue": null,
          },
          "stateNode": <input
            checked=""
            class="form-check-input"
            type="radio"
            value="local"
          />,
          "tag": 5,
          "treeBaseDuration": 0,
          "type": "input",
          "updateQueue": null,
        },
        "childExpirationTime": 0,
        "contextDependencies": null,
        "effectTag": 0,
        "elementType": "label",
        "expirationTime": 0,
        "firstEffect": null,
        "index": 0,
        "key": null,
        "lastEffect": null,
        "memoizedProps": Object {
          "children": Array [
            <input
              checked={true}
              className="form-check-input"
              onChange={[Function]}
              type="radio"
              value="local"
            />,
            "Local",
          ],
          "className": "form-check-label",
          "htmlFor": "radio1",
          "style": Object {
            "marginRight": "92%",
          },
        },
        "memoizedState": null,
        "mode": 0,
        "nextEffect": null,
        "pendingProps": Object {
          "children": Array [
            <input
              checked={true}
              className="form-check-input"
              onChange={[Function]}
              type="radio"
              value="local"
            />,
            "Local",
          ],
          "className": "form-check-label",
          "htmlFor": "radio1",
          "style": Object {
            "marginRight": "92%",
          },
        },
        "ref": null,
        "return": [Circular],
        "selfBaseDuration": 0,
        "sibling": null,
        "stateNode": <label
          class="form-check-label"
          for="radio1"
          style="margin-right: 92%;"
        >
          <input
            checked=""
            class="form-check-input"
            type="radio"
            value="local"
          />
          Local
        </label>,
        "tag": 5,
        "treeBaseDuration": 0,
        "type": "label",
        "updateQueue": null,
      },
      "childExpirationTime": 0,
      "contextDependencies": null,
      "effectTag": 0,
      "elementType": "div",
      "expirationTime": 0,
      "firstEffect": null,
      "index": 0,
      "key": null,
      "lastEffect": null,
      "memoizedProps": Object {
        "children": <label
          className="form-check-label"
          htmlFor="radio1"
          style={
            Object {
              "marginRight": "92%",
            }
          }
        >
          <input
            checked={true}
            className="form-check-input"
            onChange={[Function]}
            type="radio"
            value="local"
          />
          Local
        </label>,
        "className": "form-check",
      },
      "memoizedState": null,
      "mode": 0,
      "nextEffect": null,
      "pendingProps": Object {
        "children": <label
          className="form-check-label"
          htmlFor="radio1"
          style={
            Object {
              "marginRight": "92%",
            }
          }
        >
          <input
            checked={true}
            className="form-check-input"
            onChange={[Function]}
            type="radio"
            value="local"
          />
          Local
        </label>,
        "className": "form-check",
      },
      "ref": null,
      "return": [Circular],
      "selfBaseDuration": 0,
      "sibling": null,
      "stateNode": <div
        class="form-check"
      >
        <label
          class="form-check-label"
          for="radio1"
          style="margin-right: 92%;"
        >
          <input
            checked=""
            class="form-check-input"
            type="radio"
            value="local"
          />
          Local
        </label>
      </div>,
      "tag": 5,
      "treeBaseDuration": 0,
      "type": "div",
      "updateQueue": null,
    },
    "childExpirationTime": 0,
    "contextDependencies": null,
    "effectTag": 1,
    "elementType": [Function],
    "expirationTime": 0,
    "firstEffect": null,
    "index": 0,
    "key": null,
    "lastEffect": null,
    "memoizedProps": Object {
      "checked": true,
      "onChange": [MockFunction],
      "style": Object {
        "marginRight": "92%",
      },
      "text": "Local",
      "value": "local",
    },
    "memoizedState": Object {},
    "mode": 0,
    "nextEffect": null,
    "pendingProps": Object {
      "checked": true,
      "onChange": [MockFunction],
      "style": Object {
        "marginRight": "92%",
      },
      "text": "Local",
      "value": "local",
    },
    "ref": null,
    "return": FiberNode {
      "_debugHookTypes": null,
      "_debugID": 74,
      "_debugIsCurrentlyTiming": false,
      "_debugOwner": null,
      "_debugSource": null,
      "actualDuration": 0,
      "actualStartTime": -1,
      "alternate": null,
      "child": [Circular],
      "childExpirationTime": 0,
      "contextDependencies": null,
      "effectTag": 1,
      "elementType": [Function],
      "expirationTime": 0,
      "firstEffect": null,
      "index": 0,
      "key": null,
      "lastEffect": null,
      "memoizedProps": Object {
        "Component": [Function],
        "context": null,
        "props": Object {
          "checked": true,
          "onChange": [MockFunction],
          "style": Object {
            "marginRight": "92%",
          },
          "text": "Local",
          "value": "local",
        },
        "wrappingComponentProps": null,
      },
      "memoizedState": Object {
        "context": null,
        "mount": true,
        "props": Object {
          "checked": true,
          "onChange": [MockFunction],
          "style": Object {
            "marginRight": "92%",
          },
          "text": "Local",
          "value": "local",
        },
        "wrappingComponentProps": null,
      },
      "mode": 0,
      "nextEffect": FiberNode {
        "_debugHookTypes": null,
        "_debugID": 72,
        "_debugIsCurrentlyTiming": false,
        "_debugOwner": null,
        "_debugSource": null,
        "actualDuration": 0,
        "actualStartTime": -1,
        "alternate": FiberNode {
          "_debugHookTypes": null,
          "_debugID": 72,
          "_debugIsCurrentlyTiming": false,
          "_debugOwner": null,
          "_debugSource": null,
          "actualDuration": 0,
          "actualStartTime": -1,
          "alternate": [Circular],
          "child": null,
          "childExpirationTime": 0,
          "contextDependencies": null,
          "effectTag": 0,
          "elementType": null,
          "expirationTime": 1073741823,
          "firstEffect": null,
          "index": 0,
          "key": null,
          "lastEffect": null,
          "memoizedProps": null,
          "memoizedState": null,
          "mode": 0,
          "nextEffect": null,
          "pendingProps": null,
          "ref": null,
          "return": null,
          "selfBaseDuration": 0,
          "sibling": null,
          "stateNode": Object {
            "containerInfo": <div>
              <div
                class="form-check"
              >
                <label
                  class="form-check-label"
                  for="radio1"
                  style="margin-right: 92%;"
                >
                  <input
                    checked=""
                    class="form-check-input"
                    type="radio"
                    value="local"
                  />
                  Local
                </label>
              </div>
            </div>,
            "context": Object {},
            "current": [Circular],
            "didError": false,
            "earliestPendingTime": 0,
            "earliestSuspendedTime": 0,
            "expirationTime": 0,
            "finishedWork": null,
            "firstBatch": null,
            "hydrate": false,
            "interactionThreadID": 17,
            "latestPendingTime": 0,
            "latestPingedTime": 0,
            "latestSuspendedTime": 0,
            "memoizedInteractions": Set {},
            "nextExpirationTimeToWorkOn": 0,
            "nextScheduledRoot": null,
            "pendingChildren": null,
            "pendingCommitExpirationTime": 0,
            "pendingContext": null,
            "pendingInteractionMap": Map {},
            "pingCache": null,
            "timeoutHandle": -1,
          },
          "tag": 3,
          "treeBaseDuration": 0,
          "type": null,
          "updateQueue": Object {
            "baseState": null,
            "firstCapturedEffect": null,
            "firstCapturedUpdate": null,
            "firstEffect": null,
            "firstUpdate": Object {
              "callback": null,
              "expirationTime": 1073741823,
              "next": null,
              "nextEffect": null,
              "payload": Object {
                "element": <WrapperComponent
                  Component={[Function]}
                  context={null}
                  props={
                    Object {
                      "checked": true,
                      "onChange": [MockFunction],
                      "style": Object {
                        "marginRight": "92%",
                      },
                      "text": "Local",
                      "value": "local",
                    }
                  }
                  wrappingComponentProps={null}
                />,
              },
              "tag": 0,
            },
            "lastCapturedEffect": null,
            "lastCapturedUpdate": null,
            "lastEffect": null,
            "lastUpdate": Object {
              "callback": null,
              "expirationTime": 1073741823,
              "next": null,
              "nextEffect": null,
              "payload": Object {
                "element": <WrapperComponent
                  Component={[Function]}
                  context={null}
                  props={
                    Object {
                      "checked": true,
                      "onChange": [MockFunction],
                      "style": Object {
                        "marginRight": "92%",
                      },
                      "text": "Local",
                      "value": "local",
                    }
                  }
                  wrappingComponentProps={null}
                />,
              },
              "tag": 0,
            },
          },
        },
        "child": [Circular],
        "childExpirationTime": 0,
        "contextDependencies": null,
        "effectTag": 32,
        "elementType": null,
        "expirationTime": 0,
        "firstEffect": [Circular],
        "index": 0,
        "key": null,
        "lastEffect": [Circular],
        "memoizedProps": null,
        "memoizedState": Object {
          "element": <WrapperComponent
            Component={[Function]}
            context={null}
            props={
              Object {
                "checked": true,
                "onChange": [MockFunction],
                "style": Object {
                  "marginRight": "92%",
                },
                "text": "Local",
                "value": "local",
              }
            }
            wrappingComponentProps={null}
          />,
        },
        "mode": 0,
        "nextEffect": null,
        "pendingProps": null,
        "ref": null,
        "return": null,
        "selfBaseDuration": 0,
        "sibling": null,
        "stateNode": Object {
          "containerInfo": <div>
            <div
              class="form-check"
            >
              <label
                class="form-check-label"
                for="radio1"
                style="margin-right: 92%;"
              >
                <input
                  checked=""
                  class="form-check-input"
                  type="radio"
                  value="local"
                />
                Local
              </label>
            </div>
          </div>,
          "context": Object {},
          "current": [Circular],
          "didError": false,
          "earliestPendingTime": 0,
          "earliestSuspendedTime": 0,
          "expirationTime": 0,
          "finishedWork": null,
          "firstBatch": null,
          "hydrate": false,
          "interactionThreadID": 17,
          "latestPendingTime": 0,
          "latestPingedTime": 0,
          "latestSuspendedTime": 0,
          "memoizedInteractions": Set {},
          "nextExpirationTimeToWorkOn": 0,
          "nextScheduledRoot": null,
          "pendingChildren": null,
          "pendingCommitExpirationTime": 0,
          "pendingContext": null,
          "pendingInteractionMap": Map {},
          "pingCache": null,
          "timeoutHandle": -1,
        },
        "tag": 3,
        "treeBaseDuration": 0,
        "type": null,
        "updateQueue": Object {
          "baseState": Object {
            "element": <WrapperComponent
              Component={[Function]}
              context={null}
              props={
                Object {
                  "checked": true,
                  "onChange": [MockFunction],
                  "style": Object {
                    "marginRight": "92%",
                  },
                  "text": "Local",
                  "value": "local",
                }
              }
              wrappingComponentProps={null}
            />,
          },
          "firstCapturedEffect": null,
          "firstCapturedUpdate": null,
          "firstEffect": null,
          "firstUpdate": null,
          "lastCapturedEffect": null,
          "lastCapturedUpdate": null,
          "lastEffect": null,
          "lastUpdate": null,
        },
      },
      "pendingProps": Object {
        "Component": [Function],
        "context": null,
        "props": Object {
          "checked": true,
          "onChange": [MockFunction],
          "style": Object {
            "marginRight": "92%",
          },
          "text": "Local",
          "value": "local",
        },
        "wrappingComponentProps": null,
      },
      "ref": null,
      "return": FiberNode {
        "_debugHookTypes": null,
        "_debugID": 72,
        "_debugIsCurrentlyTiming": false,
        "_debugOwner": null,
        "_debugSource": null,
        "actualDuration": 0,
        "actualStartTime": -1,
        "alternate": FiberNode {
          "_debugHookTypes": null,
          "_debugID": 72,
          "_debugIsCurrentlyTiming": false,
          "_debugOwner": null,
          "_debugSource": null,
          "actualDuration": 0,
          "actualStartTime": -1,
          "alternate": [Circular],
          "child": null,
          "childExpirationTime": 0,
          "contextDependencies": null,
          "effectTag": 0,
          "elementType": null,
          "expirationTime": 1073741823,
          "firstEffect": null,
          "index": 0,
          "key": null,
          "lastEffect": null,
          "memoizedProps": null,
          "memoizedState": null,
          "mode": 0,
          "nextEffect": null,
          "pendingProps": null,
          "ref": null,
          "return": null,
          "selfBaseDuration": 0,
          "sibling": null,
          "stateNode": Object {
            "containerInfo": <div>
              <div
                class="form-check"
              >
                <label
                  class="form-check-label"
                  for="radio1"
                  style="margin-right: 92%;"
                >
                  <input
                    checked=""
                    class="form-check-input"
                    type="radio"
                    value="local"
                  />
                  Local
                </label>
              </div>
            </div>,
            "context": Object {},
            "current": [Circular],
            "didError": false,
            "earliestPendingTime": 0,
            "earliestSuspendedTime": 0,
            "expirationTime": 0,
            "finishedWork": null,
            "firstBatch": null,
            "hydrate": false,
            "interactionThreadID": 17,
            "latestPendingTime": 0,
            "latestPingedTime": 0,
            "latestSuspendedTime": 0,
            "memoizedInteractions": Set {},
            "nextExpirationTimeToWorkOn": 0,
            "nextScheduledRoot": null,
            "pendingChildren": null,
            "pendingCommitExpirationTime": 0,
            "pendingContext": null,
            "pendingInteractionMap": Map {},
            "pingCache": null,
            "timeoutHandle": -1,
          },
          "tag": 3,
          "treeBaseDuration": 0,
          "type": null,
          "updateQueue": Object {
            "baseState": null,
            "firstCapturedEffect": null,
            "firstCapturedUpdate": null,
            "firstEffect": null,
            "firstUpdate": Object {
              "callback": null,
              "expirationTime": 1073741823,
              "next": null,
              "nextEffect": null,
              "payload": Object {
                "element": <WrapperComponent
                  Component={[Function]}
                  context={null}
                  props={
                    Object {
                      "checked": true,
                      "onChange": [MockFunction],
                      "style": Object {
                        "marginRight": "92%",
                      },
                      "text": "Local",
                      "value": "local",
                    }
                  }
                  wrappingComponentProps={null}
                />,
              },
              "tag": 0,
            },
            "lastCapturedEffect": null,
            "lastCapturedUpdate": null,
            "lastEffect": null,
            "lastUpdate": Object {
              "callback": null,
              "expirationTime": 1073741823,
              "next": null,
              "nextEffect": null,
              "payload": Object {
                "element": <WrapperComponent
                  Component={[Function]}
                  context={null}
                  props={
                    Object {
                      "checked": true,
                      "onChange": [MockFunction],
                      "style": Object {
                        "marginRight": "92%",
                      },
                      "text": "Local",
                      "value": "local",
                    }
                  }
                  wrappingComponentProps={null}
                />,
              },
              "tag": 0,
            },
          },
        },
        "child": [Circular],
        "childExpirationTime": 0,
        "contextDependencies": null,
        "effectTag": 32,
        "elementType": null,
        "expirationTime": 0,
        "firstEffect": [Circular],
        "index": 0,
        "key": null,
        "lastEffect": [Circular],
        "memoizedProps": null,
        "memoizedState": Object {
          "element": <WrapperComponent
            Component={[Function]}
            context={null}
            props={
              Object {
                "checked": true,
                "onChange": [MockFunction],
                "style": Object {
                  "marginRight": "92%",
                },
                "text": "Local",
                "value": "local",
              }
            }
            wrappingComponentProps={null}
          />,
        },
        "mode": 0,
        "nextEffect": null,
        "pendingProps": null,
        "ref": null,
        "return": null,
        "selfBaseDuration": 0,
        "sibling": null,
        "stateNode": Object {
          "containerInfo": <div>
            <div
              class="form-check"
            >
              <label
                class="form-check-label"
                for="radio1"
                style="margin-right: 92%;"
              >
                <input
                  checked=""
                  class="form-check-input"
                  type="radio"
                  value="local"
                />
                Local
              </label>
            </div>
          </div>,
          "context": Object {},
          "current": [Circular],
          "didError": false,
          "earliestPendingTime": 0,
          "earliestSuspendedTime": 0,
          "expirationTime": 0,
          "finishedWork": null,
          "firstBatch": null,
          "hydrate": false,
          "interactionThreadID": 17,
          "latestPendingTime": 0,
          "latestPingedTime": 0,
          "latestSuspendedTime": 0,
          "memoizedInteractions": Set {},
          "nextExpirationTimeToWorkOn": 0,
          "nextScheduledRoot": null,
          "pendingChildren": null,
          "pendingCommitExpirationTime": 0,
          "pendingContext": null,
          "pendingInteractionMap": Map {},
          "pingCache": null,
          "timeoutHandle": -1,
        },
        "tag": 3,
        "treeBaseDuration": 0,
        "type": null,
        "updateQueue": Object {
          "baseState": Object {
            "element": <WrapperComponent
              Component={[Function]}
              context={null}
              props={
                Object {
                  "checked": true,
                  "onChange": [MockFunction],
                  "style": Object {
                    "marginRight": "92%",
                  },
                  "text": "Local",
                  "value": "local",
                }
              }
              wrappingComponentProps={null}
            />,
          },
          "firstCapturedEffect": null,
          "firstCapturedUpdate": null,
          "firstEffect": null,
          "firstUpdate": null,
          "lastCapturedEffect": null,
          "lastCapturedUpdate": null,
          "lastEffect": null,
          "lastUpdate": null,
        },
      },
      "selfBaseDuration": 0,
      "sibling": null,
      "stateNode": WrapperComponent {
        "_reactInternalFiber": [Circular],
        "_reactInternalInstance": Object {},
        "context": Object {},
        "props": Object {
          "Component": [Function],
          "context": null,
          "props": Object {
            "checked": true,
            "onChange": [MockFunction],
            "style": Object {
              "marginRight": "92%",
            },
            "text": "Local",
            "value": "local",
          },
          "wrappingComponentProps": null,
        },
        "refs": Object {},
        "rootFinderInstance": null,
        "state": Object {
          "context": null,
          "mount": true,
          "props": Object {
            "checked": true,
            "onChange": [MockFunction],
            "style": Object {
              "marginRight": "92%",
            },
            "text": "Local",
            "value": "local",
          },
          "wrappingComponentProps": null,
        },
        "updater": Object {
          "enqueueForceUpdate": [Function],
          "enqueueReplaceState": [Function],
          "enqueueSetState": [Function],
          "isMounted": [Function],
        },
      },
      "tag": 1,
      "treeBaseDuration": 0,
      "type": [Function],
      "updateQueue": null,
    },
    "selfBaseDuration": 0,
    "sibling": null,
    "stateNode": [Circular],
    "tag": 1,
    "treeBaseDuration": 0,
    "type": [Function],
    "updateQueue": null,
  },
  "_reactInternalInstance": Object {},
  "context": Object {},
  "props": Object {
    "checked": true,
    "onChange": [MockFunction],
    "style": Object {
      "marginRight": "92%",
    },
    "text": "Local",
    "value": "local",
  },
  "refs": Object {},
  "state": Object {},
  "updater": Object {
    "enqueueForceUpdate": [Function],
    "enqueueReplaceState": [Function],
    "enqueueSetState": [Function],
    "isMounted": [Function],
  },
}
`;
