// Jest Snapshot v1, https://goo.gl/fbAQLP

exports[`when loading a slycat selector we have expected props on initial load 1`] = `
Object {
  "checked": true,
  "onChange": [MockFunction],
  "style": Object {
    "marginRight": "92%",
  },
  "text": "Local",
  "value": "local",
}
`;

exports[`when loading a slycat selector we see no state 1`] = `Object {}`;
