// Jest Snapshot v1, https://goo.gl/fbAQLP

exports[`when loading a slycat selector we have expected props on initial load 1`] = `
Object {
  "label": "Filetype",
  "onSelectCallBack": [MockFunction],
  "options": Array [
    Object {
      "text": "Comma separated values (CSV)",
      "value": "slycat-csv-parser",
    },
    Object {
      "text": "Dakota tabular",
      "value": "slycat-dakota-parser",
    },
  ],
}
`;

exports[`when loading a slycat selector we see no state 1`] = `Object {}`;

exports[`when loading a slycat selector we should have a full initialization 1`] = `
SlycatSelector {
  "_reactInternalFiber": FiberNode {
    "_debugHookTypes": null,
    "_debugID": 75,
    "_debugIsCurrentlyTiming": false,
    "_debugOwner": FiberNode {
      "_debugHookTypes": null,
      "_debugID": 74,
      "_debugIsCurrentlyTiming": false,
      "_debugOwner": null,
      "_debugSource": null,
      "actualDuration": 0,
      "actualStartTime": -1,
      "alternate": null,
      "child": [Circular],
      "childExpirationTime": 0,
      "contextDependencies": null,
      "effectTag": 1,
      "elementType": [Function],
      "expirationTime": 0,
      "firstEffect": null,
      "index": 0,
      "key": null,
      "lastEffect": null,
      "memoizedProps": Object {
        "Component": [Function],
        "context": null,
        "props": Object {
          "label": "Filetype",
          "onSelectCallBack": [MockFunction],
          "options": Array [
            Object {
              "text": "Comma separated values (CSV)",
              "value": "slycat-csv-parser",
            },
            Object {
              "text": "Dakota tabular",
              "value": "slycat-dakota-parser",
            },
          ],
        },
        "wrappingComponentProps": null,
      },
      "memoizedState": Object {
        "context": null,
        "mount": true,
        "props": Object {
          "label": "Filetype",
          "onSelectCallBack": [MockFunction],
          "options": Array [
            Object {
              "text": "Comma separated values (CSV)",
              "value": "slycat-csv-parser",
            },
            Object {
              "text": "Dakota tabular",
              "value": "slycat-dakota-parser",
            },
          ],
        },
        "wrappingComponentProps": null,
      },
      "mode": 0,
      "nextEffect": FiberNode {
        "_debugHookTypes": null,
        "_debugID": 72,
        "_debugIsCurrentlyTiming": false,
        "_debugOwner": null,
        "_debugSource": null,
        "actualDuration": 0,
        "actualStartTime": -1,
        "alternate": FiberNode {
          "_debugHookTypes": null,
          "_debugID": 72,
          "_debugIsCurrentlyTiming": false,
          "_debugOwner": null,
          "_debugSource": null,
          "actualDuration": 0,
          "actualStartTime": -1,
          "alternate": [Circular],
          "child": null,
          "childExpirationTime": 0,
          "contextDependencies": null,
          "effectTag": 0,
          "elementType": null,
          "expirationTime": 1073741823,
          "firstEffect": null,
          "index": 0,
          "key": null,
          "lastEffect": null,
          "memoizedProps": null,
          "memoizedState": null,
          "mode": 0,
          "nextEffect": null,
          "pendingProps": null,
          "ref": null,
          "return": null,
          "selfBaseDuration": 0,
          "sibling": null,
          "stateNode": Object {
            "containerInfo": <div>
              <div
                class="form-group row"
              >
                <label
                  class="col-sm-1 col-form-label"
                >
                  Filetype
                </label>
                <div
                  class="col-sm-10"
                >
                  <select
                    class="form-control"
                  >
                    <option
                      value="slycat-csv-parser"
                    >
                      Comma separated values (CSV)
                    </option>
                    <option
                      value="slycat-dakota-parser"
                    >
                      Dakota tabular
                    </option>
                  </select>
                </div>
              </div>
            </div>,
            "context": Object {},
            "current": [Circular],
            "didError": false,
            "earliestPendingTime": 0,
            "earliestSuspendedTime": 0,
            "expirationTime": 0,
            "finishedWork": null,
            "firstBatch": null,
            "hydrate": false,
            "interactionThreadID": 17,
            "latestPendingTime": 0,
            "latestPingedTime": 0,
            "latestSuspendedTime": 0,
            "memoizedInteractions": Set {},
            "nextExpirationTimeToWorkOn": 0,
            "nextScheduledRoot": null,
            "pendingChildren": null,
            "pendingCommitExpirationTime": 0,
            "pendingContext": null,
            "pendingInteractionMap": Map {},
            "pingCache": null,
            "timeoutHandle": -1,
          },
          "tag": 3,
          "treeBaseDuration": 0,
          "type": null,
          "updateQueue": Object {
            "baseState": null,
            "firstCapturedEffect": null,
            "firstCapturedUpdate": null,
            "firstEffect": null,
            "firstUpdate": Object {
              "callback": null,
              "expirationTime": 1073741823,
              "next": null,
              "nextEffect": null,
              "payload": Object {
                "element": <WrapperComponent
                  Component={[Function]}
                  context={null}
                  props={
                    Object {
                      "label": "Filetype",
                      "onSelectCallBack": [MockFunction],
                      "options": Array [
                        Object {
                          "text": "Comma separated values (CSV)",
                          "value": "slycat-csv-parser",
                        },
                        Object {
                          "text": "Dakota tabular",
                          "value": "slycat-dakota-parser",
                        },
                      ],
                    }
                  }
                  wrappingComponentProps={null}
                />,
              },
              "tag": 0,
            },
            "lastCapturedEffect": null,
            "lastCapturedUpdate": null,
            "lastEffect": null,
            "lastUpdate": Object {
              "callback": null,
              "expirationTime": 1073741823,
              "next": null,
              "nextEffect": null,
              "payload": Object {
                "element": <WrapperComponent
                  Component={[Function]}
                  context={null}
                  props={
                    Object {
                      "label": "Filetype",
                      "onSelectCallBack": [MockFunction],
                      "options": Array [
                        Object {
                          "text": "Comma separated values (CSV)",
                          "value": "slycat-csv-parser",
                        },
                        Object {
                          "text": "Dakota tabular",
                          "value": "slycat-dakota-parser",
                        },
                      ],
                    }
                  }
                  wrappingComponentProps={null}
                />,
              },
              "tag": 0,
            },
          },
        },
        "child": [Circular],
        "childExpirationTime": 0,
        "contextDependencies": null,
        "effectTag": 32,
        "elementType": null,
        "expirationTime": 0,
        "firstEffect": [Circular],
        "index": 0,
        "key": null,
        "lastEffect": [Circular],
        "memoizedProps": null,
        "memoizedState": Object {
          "element": <WrapperComponent
            Component={[Function]}
            context={null}
            props={
              Object {
                "label": "Filetype",
                "onSelectCallBack": [MockFunction],
                "options": Array [
                  Object {
                    "text": "Comma separated values (CSV)",
                    "value": "slycat-csv-parser",
                  },
                  Object {
                    "text": "Dakota tabular",
                    "value": "slycat-dakota-parser",
                  },
                ],
              }
            }
            wrappingComponentProps={null}
          />,
        },
        "mode": 0,
        "nextEffect": null,
        "pendingProps": null,
        "ref": null,
        "return": null,
        "selfBaseDuration": 0,
        "sibling": null,
        "stateNode": Object {
          "containerInfo": <div>
            <div
              class="form-group row"
            >
              <label
                class="col-sm-1 col-form-label"
              >
                Filetype
              </label>
              <div
                class="col-sm-10"
              >
                <select
                  class="form-control"
                >
                  <option
                    value="slycat-csv-parser"
                  >
                    Comma separated values (CSV)
                  </option>
                  <option
                    value="slycat-dakota-parser"
                  >
                    Dakota tabular
                  </option>
                </select>
              </div>
            </div>
          </div>,
          "context": Object {},
          "current": [Circular],
          "didError": false,
          "earliestPendingTime": 0,
          "earliestSuspendedTime": 0,
          "expirationTime": 0,
          "finishedWork": null,
          "firstBatch": null,
          "hydrate": false,
          "interactionThreadID": 17,
          "latestPendingTime": 0,
          "latestPingedTime": 0,
          "latestSuspendedTime": 0,
          "memoizedInteractions": Set {},
          "nextExpirationTimeToWorkOn": 0,
          "nextScheduledRoot": null,
          "pendingChildren": null,
          "pendingCommitExpirationTime": 0,
          "pendingContext": null,
          "pendingInteractionMap": Map {},
          "pingCache": null,
          "timeoutHandle": -1,
        },
        "tag": 3,
        "treeBaseDuration": 0,
        "type": null,
        "updateQueue": Object {
          "baseState": Object {
            "element": <WrapperComponent
              Component={[Function]}
              context={null}
              props={
                Object {
                  "label": "Filetype",
                  "onSelectCallBack": [MockFunction],
                  "options": Array [
                    Object {
                      "text": "Comma separated values (CSV)",
                      "value": "slycat-csv-parser",
                    },
                    Object {
                      "text": "Dakota tabular",
                      "value": "slycat-dakota-parser",
                    },
                  ],
                }
              }
              wrappingComponentProps={null}
            />,
          },
          "firstCapturedEffect": null,
          "firstCapturedUpdate": null,
          "firstEffect": null,
          "firstUpdate": null,
          "lastCapturedEffect": null,
          "lastCapturedUpdate": null,
          "lastEffect": null,
          "lastUpdate": null,
        },
      },
      "pendingProps": Object {
        "Component": [Function],
        "context": null,
        "props": Object {
          "label": "Filetype",
          "onSelectCallBack": [MockFunction],
          "options": Array [
            Object {
              "text": "Comma separated values (CSV)",
              "value": "slycat-csv-parser",
            },
            Object {
              "text": "Dakota tabular",
              "value": "slycat-dakota-parser",
            },
          ],
        },
        "wrappingComponentProps": null,
      },
      "ref": null,
      "return": FiberNode {
        "_debugHookTypes": null,
        "_debugID": 72,
        "_debugIsCurrentlyTiming": false,
        "_debugOwner": null,
        "_debugSource": null,
        "actualDuration": 0,
        "actualStartTime": -1,
        "alternate": FiberNode {
          "_debugHookTypes": null,
          "_debugID": 72,
          "_debugIsCurrentlyTiming": false,
          "_debugOwner": null,
          "_debugSource": null,
          "actualDuration": 0,
          "actualStartTime": -1,
          "alternate": [Circular],
          "child": null,
          "childExpirationTime": 0,
          "contextDependencies": null,
          "effectTag": 0,
          "elementType": null,
          "expirationTime": 1073741823,
          "firstEffect": null,
          "index": 0,
          "key": null,
          "lastEffect": null,
          "memoizedProps": null,
          "memoizedState": null,
          "mode": 0,
          "nextEffect": null,
          "pendingProps": null,
          "ref": null,
          "return": null,
          "selfBaseDuration": 0,
          "sibling": null,
          "stateNode": Object {
            "containerInfo": <div>
              <div
                class="form-group row"
              >
                <label
                  class="col-sm-1 col-form-label"
                >
                  Filetype
                </label>
                <div
                  class="col-sm-10"
                >
                  <select
                    class="form-control"
                  >
                    <option
                      value="slycat-csv-parser"
                    >
                      Comma separated values (CSV)
                    </option>
                    <option
                      value="slycat-dakota-parser"
                    >
                      Dakota tabular
                    </option>
                  </select>
                </div>
              </div>
            </div>,
            "context": Object {},
            "current": [Circular],
            "didError": false,
            "earliestPendingTime": 0,
            "earliestSuspendedTime": 0,
            "expirationTime": 0,
            "finishedWork": null,
            "firstBatch": null,
            "hydrate": false,
            "interactionThreadID": 17,
            "latestPendingTime": 0,
            "latestPingedTime": 0,
            "latestSuspendedTime": 0,
            "memoizedInteractions": Set {},
            "nextExpirationTimeToWorkOn": 0,
            "nextScheduledRoot": null,
            "pendingChildren": null,
            "pendingCommitExpirationTime": 0,
            "pendingContext": null,
            "pendingInteractionMap": Map {},
            "pingCache": null,
            "timeoutHandle": -1,
          },
          "tag": 3,
          "treeBaseDuration": 0,
          "type": null,
          "updateQueue": Object {
            "baseState": null,
            "firstCapturedEffect": null,
            "firstCapturedUpdate": null,
            "firstEffect": null,
            "firstUpdate": Object {
              "callback": null,
              "expirationTime": 1073741823,
              "next": null,
              "nextEffect": null,
              "payload": Object {
                "element": <WrapperComponent
                  Component={[Function]}
                  context={null}
                  props={
                    Object {
                      "label": "Filetype",
                      "onSelectCallBack": [MockFunction],
                      "options": Array [
                        Object {
                          "text": "Comma separated values (CSV)",
                          "value": "slycat-csv-parser",
                        },
                        Object {
                          "text": "Dakota tabular",
                          "value": "slycat-dakota-parser",
                        },
                      ],
                    }
                  }
                  wrappingComponentProps={null}
                />,
              },
              "tag": 0,
            },
            "lastCapturedEffect": null,
            "lastCapturedUpdate": null,
            "lastEffect": null,
            "lastUpdate": Object {
              "callback": null,
              "expirationTime": 1073741823,
              "next": null,
              "nextEffect": null,
              "payload": Object {
                "element": <WrapperComponent
                  Component={[Function]}
                  context={null}
                  props={
                    Object {
                      "label": "Filetype",
                      "onSelectCallBack": [MockFunction],
                      "options": Array [
                        Object {
                          "text": "Comma separated values (CSV)",
                          "value": "slycat-csv-parser",
                        },
                        Object {
                          "text": "Dakota tabular",
                          "value": "slycat-dakota-parser",
                        },
                      ],
                    }
                  }
                  wrappingComponentProps={null}
                />,
              },
              "tag": 0,
            },
          },
        },
        "child": [Circular],
        "childExpirationTime": 0,
        "contextDependencies": null,
        "effectTag": 32,
        "elementType": null,
        "expirationTime": 0,
        "firstEffect": [Circular],
        "index": 0,
        "key": null,
        "lastEffect": [Circular],
        "memoizedProps": null,
        "memoizedState": Object {
          "element": <WrapperComponent
            Component={[Function]}
            context={null}
            props={
              Object {
                "label": "Filetype",
                "onSelectCallBack": [MockFunction],
                "options": Array [
                  Object {
                    "text": "Comma separated values (CSV)",
                    "value": "slycat-csv-parser",
                  },
                  Object {
                    "text": "Dakota tabular",
                    "value": "slycat-dakota-parser",
                  },
                ],
              }
            }
            wrappingComponentProps={null}
          />,
        },
        "mode": 0,
        "nextEffect": null,
        "pendingProps": null,
        "ref": null,
        "return": null,
        "selfBaseDuration": 0,
        "sibling": null,
        "stateNode": Object {
          "containerInfo": <div>
            <div
              class="form-group row"
            >
              <label
                class="col-sm-1 col-form-label"
              >
                Filetype
              </label>
              <div
                class="col-sm-10"
              >
                <select
                  class="form-control"
                >
                  <option
                    value="slycat-csv-parser"
                  >
                    Comma separated values (CSV)
                  </option>
                  <option
                    value="slycat-dakota-parser"
                  >
                    Dakota tabular
                  </option>
                </select>
              </div>
            </div>
          </div>,
          "context": Object {},
          "current": [Circular],
          "didError": false,
          "earliestPendingTime": 0,
          "earliestSuspendedTime": 0,
          "expirationTime": 0,
          "finishedWork": null,
          "firstBatch": null,
          "hydrate": false,
          "interactionThreadID": 17,
          "latestPendingTime": 0,
          "latestPingedTime": 0,
          "latestSuspendedTime": 0,
          "memoizedInteractions": Set {},
          "nextExpirationTimeToWorkOn": 0,
          "nextScheduledRoot": null,
          "pendingChildren": null,
          "pendingCommitExpirationTime": 0,
          "pendingContext": null,
          "pendingInteractionMap": Map {},
          "pingCache": null,
          "timeoutHandle": -1,
        },
        "tag": 3,
        "treeBaseDuration": 0,
        "type": null,
        "updateQueue": Object {
          "baseState": Object {
            "element": <WrapperComponent
              Component={[Function]}
              context={null}
              props={
                Object {
                  "label": "Filetype",
                  "onSelectCallBack": [MockFunction],
                  "options": Array [
                    Object {
                      "text": "Comma separated values (CSV)",
                      "value": "slycat-csv-parser",
                    },
                    Object {
                      "text": "Dakota tabular",
                      "value": "slycat-dakota-parser",
                    },
                  ],
                }
              }
              wrappingComponentProps={null}
            />,
          },
          "firstCapturedEffect": null,
          "firstCapturedUpdate": null,
          "firstEffect": null,
          "firstUpdate": null,
          "lastCapturedEffect": null,
          "lastCapturedUpdate": null,
          "lastEffect": null,
          "lastUpdate": null,
        },
      },
      "selfBaseDuration": 0,
      "sibling": null,
      "stateNode": WrapperComponent {
        "_reactInternalFiber": [Circular],
        "_reactInternalInstance": Object {},
        "context": Object {},
        "props": Object {
          "Component": [Function],
          "context": null,
          "props": Object {
            "label": "Filetype",
            "onSelectCallBack": [MockFunction],
            "options": Array [
              Object {
                "text": "Comma separated values (CSV)",
                "value": "slycat-csv-parser",
              },
              Object {
                "text": "Dakota tabular",
                "value": "slycat-dakota-parser",
              },
            ],
          },
          "wrappingComponentProps": null,
        },
        "refs": Object {},
        "rootFinderInstance": null,
        "state": Object {
          "context": null,
          "mount": true,
          "props": Object {
            "label": "Filetype",
            "onSelectCallBack": [MockFunction],
            "options": Array [
              Object {
                "text": "Comma separated values (CSV)",
                "value": "slycat-csv-parser",
              },
              Object {
                "text": "Dakota tabular",
                "value": "slycat-dakota-parser",
              },
            ],
          },
          "wrappingComponentProps": null,
        },
        "updater": Object {
          "enqueueForceUpdate": [Function],
          "enqueueReplaceState": [Function],
          "enqueueSetState": [Function],
          "isMounted": [Function],
        },
      },
      "tag": 1,
      "treeBaseDuration": 0,
      "type": [Function],
      "updateQueue": null,
    },
    "_debugSource": null,
    "actualDuration": 0,
    "actualStartTime": -1,
    "alternate": null,
    "child": FiberNode {
      "_debugHookTypes": null,
      "_debugID": 76,
      "_debugIsCurrentlyTiming": false,
      "_debugOwner": [Circular],
      "_debugSource": null,
      "actualDuration": 0,
      "actualStartTime": -1,
      "alternate": null,
      "child": FiberNode {
        "_debugHookTypes": null,
        "_debugID": 77,
        "_debugIsCurrentlyTiming": false,
        "_debugOwner": [Circular],
        "_debugSource": null,
        "actualDuration": 0,
        "actualStartTime": -1,
        "alternate": null,
        "child": null,
        "childExpirationTime": 0,
        "contextDependencies": null,
        "effectTag": 0,
        "elementType": "label",
        "expirationTime": 0,
        "firstEffect": null,
        "index": 0,
        "key": null,
        "lastEffect": null,
        "memoizedProps": Object {
          "children": "Filetype",
          "className": "col-sm-1 col-form-label",
        },
        "memoizedState": null,
        "mode": 0,
        "nextEffect": null,
        "pendingProps": Object {
          "children": "Filetype",
          "className": "col-sm-1 col-form-label",
        },
        "ref": null,
        "return": [Circular],
        "selfBaseDuration": 0,
        "sibling": FiberNode {
          "_debugHookTypes": null,
          "_debugID": 78,
          "_debugIsCurrentlyTiming": false,
          "_debugOwner": [Circular],
          "_debugSource": null,
          "actualDuration": 0,
          "actualStartTime": -1,
          "alternate": null,
          "child": FiberNode {
            "_debugHookTypes": null,
            "_debugID": 79,
            "_debugIsCurrentlyTiming": false,
            "_debugOwner": [Circular],
            "_debugSource": null,
            "actualDuration": 0,
            "actualStartTime": -1,
            "alternate": null,
            "child": FiberNode {
              "_debugHookTypes": null,
              "_debugID": 80,
              "_debugIsCurrentlyTiming": false,
              "_debugOwner": [Circular],
              "_debugSource": null,
              "actualDuration": 0,
              "actualStartTime": -1,
              "alternate": null,
              "child": null,
              "childExpirationTime": 0,
              "contextDependencies": null,
              "effectTag": 0,
              "elementType": "option",
              "expirationTime": 0,
              "firstEffect": null,
              "index": 0,
              "key": "0",
              "lastEffect": null,
              "memoizedProps": Object {
                "children": "Comma separated values (CSV)",
                "value": "slycat-csv-parser",
              },
              "memoizedState": null,
              "mode": 0,
              "nextEffect": null,
              "pendingProps": Object {
                "children": "Comma separated values (CSV)",
                "value": "slycat-csv-parser",
              },
              "ref": null,
              "return": [Circular],
              "selfBaseDuration": 0,
              "sibling": FiberNode {
                "_debugHookTypes": null,
                "_debugID": 81,
                "_debugIsCurrentlyTiming": false,
                "_debugOwner": [Circular],
                "_debugSource": null,
                "actualDuration": 0,
                "actualStartTime": -1,
                "alternate": null,
                "child": null,
                "childExpirationTime": 0,
                "contextDependencies": null,
                "effectTag": 0,
                "elementType": "option",
                "expirationTime": 0,
                "firstEffect": null,
                "index": 1,
                "key": "1",
                "lastEffect": null,
                "memoizedProps": Object {
                  "children": "Dakota tabular",
                  "value": "slycat-dakota-parser",
                },
                "memoizedState": null,
                "mode": 0,
                "nextEffect": null,
                "pendingProps": Object {
                  "children": "Dakota tabular",
                  "value": "slycat-dakota-parser",
                },
                "ref": null,
                "return": [Circular],
                "selfBaseDuration": 0,
                "sibling": null,
                "stateNode": <option
                  value="slycat-dakota-parser"
                >
                  Dakota tabular
                </option>,
                "tag": 5,
                "treeBaseDuration": 0,
                "type": "option",
                "updateQueue": null,
              },
              "stateNode": <option
                value="slycat-csv-parser"
              >
                Comma separated values (CSV)
              </option>,
              "tag": 5,
              "treeBaseDuration": 0,
              "type": "option",
              "updateQueue": null,
            },
            "childExpirationTime": 0,
            "contextDependencies": null,
            "effectTag": 0,
            "elementType": "select",
            "expirationTime": 0,
            "firstEffect": null,
            "index": 0,
            "key": null,
            "lastEffect": null,
            "memoizedProps": Object {
              "children": Array [
                <option
                  value="slycat-csv-parser"
                >
                  Comma separated values (CSV)
                </option>,
                <option
                  value="slycat-dakota-parser"
                >
                  Dakota tabular
                </option>,
              ],
              "className": "form-control",
              "onChange": [Function],
            },
            "memoizedState": null,
            "mode": 0,
            "nextEffect": null,
            "pendingProps": Object {
              "children": Array [
                <option
                  value="slycat-csv-parser"
                >
                  Comma separated values (CSV)
                </option>,
                <option
                  value="slycat-dakota-parser"
                >
                  Dakota tabular
                </option>,
              ],
              "className": "form-control",
              "onChange": [Function],
            },
            "ref": null,
            "return": [Circular],
            "selfBaseDuration": 0,
            "sibling": null,
            "stateNode": <select
              class="form-control"
            >
              <option
                value="slycat-csv-parser"
              >
                Comma separated values (CSV)
              </option>
              <option
                value="slycat-dakota-parser"
              >
                Dakota tabular
              </option>
            </select>,
            "tag": 5,
            "treeBaseDuration": 0,
            "type": "select",
            "updateQueue": null,
          },
          "childExpirationTime": 0,
          "contextDependencies": null,
          "effectTag": 0,
          "elementType": "div",
          "expirationTime": 0,
          "firstEffect": null,
          "index": 1,
          "key": null,
          "lastEffect": null,
          "memoizedProps": Object {
            "children": <select
              className="form-control"
              onChange={[Function]}
            >
              <option
                value="slycat-csv-parser"
              >
                Comma separated values (CSV)
              </option>
              <option
                value="slycat-dakota-parser"
              >
                Dakota tabular
              </option>
            </select>,
            "className": "col-sm-10",
          },
          "memoizedState": null,
          "mode": 0,
          "nextEffect": null,
          "pendingProps": Object {
            "children": <select
              className="form-control"
              onChange={[Function]}
            >
              <option
                value="slycat-csv-parser"
              >
                Comma separated values (CSV)
              </option>
              <option
                value="slycat-dakota-parser"
              >
                Dakota tabular
              </option>
            </select>,
            "className": "col-sm-10",
          },
          "ref": null,
          "return": [Circular],
          "selfBaseDuration": 0,
          "sibling": null,
          "stateNode": <div
            class="col-sm-10"
          >
            <select
              class="form-control"
            >
              <option
                value="slycat-csv-parser"
              >
                Comma separated values (CSV)
              </option>
              <option
                value="slycat-dakota-parser"
              >
                Dakota tabular
              </option>
            </select>
          </div>,
          "tag": 5,
          "treeBaseDuration": 0,
          "type": "div",
          "updateQueue": null,
        },
        "stateNode": <label
          class="col-sm-1 col-form-label"
        >
          Filetype
        </label>,
        "tag": 5,
        "treeBaseDuration": 0,
        "type": "label",
        "updateQueue": null,
      },
      "childExpirationTime": 0,
      "contextDependencies": null,
      "effectTag": 0,
      "elementType": "div",
      "expirationTime": 0,
      "firstEffect": null,
      "index": 0,
      "key": null,
      "lastEffect": null,
      "memoizedProps": Object {
        "children": Array [
          <label
            className="col-sm-1 col-form-label"
          >
            Filetype
          </label>,
          <div
            className="col-sm-10"
          >
            <select
              className="form-control"
              onChange={[Function]}
            >
              <option
                value="slycat-csv-parser"
              >
                Comma separated values (CSV)
              </option>
              <option
                value="slycat-dakota-parser"
              >
                Dakota tabular
              </option>
            </select>
          </div>,
        ],
        "className": "form-group row",
      },
      "memoizedState": null,
      "mode": 0,
      "nextEffect": null,
      "pendingProps": Object {
        "children": Array [
          <label
            className="col-sm-1 col-form-label"
          >
            Filetype
          </label>,
          <div
            className="col-sm-10"
          >
            <select
              className="form-control"
              onChange={[Function]}
            >
              <option
                value="slycat-csv-parser"
              >
                Comma separated values (CSV)
              </option>
              <option
                value="slycat-dakota-parser"
              >
                Dakota tabular
              </option>
            </select>
          </div>,
        ],
        "className": "form-group row",
      },
      "ref": null,
      "return": [Circular],
      "selfBaseDuration": 0,
      "sibling": null,
      "stateNode": <div
        class="form-group row"
      >
        <label
          class="col-sm-1 col-form-label"
        >
          Filetype
        </label>
        <div
          class="col-sm-10"
        >
          <select
            class="form-control"
          >
            <option
              value="slycat-csv-parser"
            >
              Comma separated values (CSV)
            </option>
            <option
              value="slycat-dakota-parser"
            >
              Dakota tabular
            </option>
          </select>
        </div>
      </div>,
      "tag": 5,
      "treeBaseDuration": 0,
      "type": "div",
      "updateQueue": null,
    },
    "childExpirationTime": 0,
    "contextDependencies": null,
    "effectTag": 1,
    "elementType": [Function],
    "expirationTime": 0,
    "firstEffect": null,
    "index": 0,
    "key": null,
    "lastEffect": null,
    "memoizedProps": Object {
      "label": "Filetype",
      "onSelectCallBack": [MockFunction],
      "options": Array [
        Object {
          "text": "Comma separated values (CSV)",
          "value": "slycat-csv-parser",
        },
        Object {
          "text": "Dakota tabular",
          "value": "slycat-dakota-parser",
        },
      ],
    },
    "memoizedState": Object {},
    "mode": 0,
    "nextEffect": null,
    "pendingProps": Object {
      "label": "Filetype",
      "onSelectCallBack": [MockFunction],
      "options": Array [
        Object {
          "text": "Comma separated values (CSV)",
          "value": "slycat-csv-parser",
        },
        Object {
          "text": "Dakota tabular",
          "value": "slycat-dakota-parser",
        },
      ],
    },
    "ref": null,
    "return": FiberNode {
      "_debugHookTypes": null,
      "_debugID": 74,
      "_debugIsCurrentlyTiming": false,
      "_debugOwner": null,
      "_debugSource": null,
      "actualDuration": 0,
      "actualStartTime": -1,
      "alternate": null,
      "child": [Circular],
      "childExpirationTime": 0,
      "contextDependencies": null,
      "effectTag": 1,
      "elementType": [Function],
      "expirationTime": 0,
      "firstEffect": null,
      "index": 0,
      "key": null,
      "lastEffect": null,
      "memoizedProps": Object {
        "Component": [Function],
        "context": null,
        "props": Object {
          "label": "Filetype",
          "onSelectCallBack": [MockFunction],
          "options": Array [
            Object {
              "text": "Comma separated values (CSV)",
              "value": "slycat-csv-parser",
            },
            Object {
              "text": "Dakota tabular",
              "value": "slycat-dakota-parser",
            },
          ],
        },
        "wrappingComponentProps": null,
      },
      "memoizedState": Object {
        "context": null,
        "mount": true,
        "props": Object {
          "label": "Filetype",
          "onSelectCallBack": [MockFunction],
          "options": Array [
            Object {
              "text": "Comma separated values (CSV)",
              "value": "slycat-csv-parser",
            },
            Object {
              "text": "Dakota tabular",
              "value": "slycat-dakota-parser",
            },
          ],
        },
        "wrappingComponentProps": null,
      },
      "mode": 0,
      "nextEffect": FiberNode {
        "_debugHookTypes": null,
        "_debugID": 72,
        "_debugIsCurrentlyTiming": false,
        "_debugOwner": null,
        "_debugSource": null,
        "actualDuration": 0,
        "actualStartTime": -1,
        "alternate": FiberNode {
          "_debugHookTypes": null,
          "_debugID": 72,
          "_debugIsCurrentlyTiming": false,
          "_debugOwner": null,
          "_debugSource": null,
          "actualDuration": 0,
          "actualStartTime": -1,
          "alternate": [Circular],
          "child": null,
          "childExpirationTime": 0,
          "contextDependencies": null,
          "effectTag": 0,
          "elementType": null,
          "expirationTime": 1073741823,
          "firstEffect": null,
          "index": 0,
          "key": null,
          "lastEffect": null,
          "memoizedProps": null,
          "memoizedState": null,
          "mode": 0,
          "nextEffect": null,
          "pendingProps": null,
          "ref": null,
          "return": null,
          "selfBaseDuration": 0,
          "sibling": null,
          "stateNode": Object {
            "containerInfo": <div>
              <div
                class="form-group row"
              >
                <label
                  class="col-sm-1 col-form-label"
                >
                  Filetype
                </label>
                <div
                  class="col-sm-10"
                >
                  <select
                    class="form-control"
                  >
                    <option
                      value="slycat-csv-parser"
                    >
                      Comma separated values (CSV)
                    </option>
                    <option
                      value="slycat-dakota-parser"
                    >
                      Dakota tabular
                    </option>
                  </select>
                </div>
              </div>
            </div>,
            "context": Object {},
            "current": [Circular],
            "didError": false,
            "earliestPendingTime": 0,
            "earliestSuspendedTime": 0,
            "expirationTime": 0,
            "finishedWork": null,
            "firstBatch": null,
            "hydrate": false,
            "interactionThreadID": 17,
            "latestPendingTime": 0,
            "latestPingedTime": 0,
            "latestSuspendedTime": 0,
            "memoizedInteractions": Set {},
            "nextExpirationTimeToWorkOn": 0,
            "nextScheduledRoot": null,
            "pendingChildren": null,
            "pendingCommitExpirationTime": 0,
            "pendingContext": null,
            "pendingInteractionMap": Map {},
            "pingCache": null,
            "timeoutHandle": -1,
          },
          "tag": 3,
          "treeBaseDuration": 0,
          "type": null,
          "updateQueue": Object {
            "baseState": null,
            "firstCapturedEffect": null,
            "firstCapturedUpdate": null,
            "firstEffect": null,
            "firstUpdate": Object {
              "callback": null,
              "expirationTime": 1073741823,
              "next": null,
              "nextEffect": null,
              "payload": Object {
                "element": <WrapperComponent
                  Component={[Function]}
                  context={null}
                  props={
                    Object {
                      "label": "Filetype",
                      "onSelectCallBack": [MockFunction],
                      "options": Array [
                        Object {
                          "text": "Comma separated values (CSV)",
                          "value": "slycat-csv-parser",
                        },
                        Object {
                          "text": "Dakota tabular",
                          "value": "slycat-dakota-parser",
                        },
                      ],
                    }
                  }
                  wrappingComponentProps={null}
                />,
              },
              "tag": 0,
            },
            "lastCapturedEffect": null,
            "lastCapturedUpdate": null,
            "lastEffect": null,
            "lastUpdate": Object {
              "callback": null,
              "expirationTime": 1073741823,
              "next": null,
              "nextEffect": null,
              "payload": Object {
                "element": <WrapperComponent
                  Component={[Function]}
                  context={null}
                  props={
                    Object {
                      "label": "Filetype",
                      "onSelectCallBack": [MockFunction],
                      "options": Array [
                        Object {
                          "text": "Comma separated values (CSV)",
                          "value": "slycat-csv-parser",
                        },
                        Object {
                          "text": "Dakota tabular",
                          "value": "slycat-dakota-parser",
                        },
                      ],
                    }
                  }
                  wrappingComponentProps={null}
                />,
              },
              "tag": 0,
            },
          },
        },
        "child": [Circular],
        "childExpirationTime": 0,
        "contextDependencies": null,
        "effectTag": 32,
        "elementType": null,
        "expirationTime": 0,
        "firstEffect": [Circular],
        "index": 0,
        "key": null,
        "lastEffect": [Circular],
        "memoizedProps": null,
        "memoizedState": Object {
          "element": <WrapperComponent
            Component={[Function]}
            context={null}
            props={
              Object {
                "label": "Filetype",
                "onSelectCallBack": [MockFunction],
                "options": Array [
                  Object {
                    "text": "Comma separated values (CSV)",
                    "value": "slycat-csv-parser",
                  },
                  Object {
                    "text": "Dakota tabular",
                    "value": "slycat-dakota-parser",
                  },
                ],
              }
            }
            wrappingComponentProps={null}
          />,
        },
        "mode": 0,
        "nextEffect": null,
        "pendingProps": null,
        "ref": null,
        "return": null,
        "selfBaseDuration": 0,
        "sibling": null,
        "stateNode": Object {
          "containerInfo": <div>
            <div
              class="form-group row"
            >
              <label
                class="col-sm-1 col-form-label"
              >
                Filetype
              </label>
              <div
                class="col-sm-10"
              >
                <select
                  class="form-control"
                >
                  <option
                    value="slycat-csv-parser"
                  >
                    Comma separated values (CSV)
                  </option>
                  <option
                    value="slycat-dakota-parser"
                  >
                    Dakota tabular
                  </option>
                </select>
              </div>
            </div>
          </div>,
          "context": Object {},
          "current": [Circular],
          "didError": false,
          "earliestPendingTime": 0,
          "earliestSuspendedTime": 0,
          "expirationTime": 0,
          "finishedWork": null,
          "firstBatch": null,
          "hydrate": false,
          "interactionThreadID": 17,
          "latestPendingTime": 0,
          "latestPingedTime": 0,
          "latestSuspendedTime": 0,
          "memoizedInteractions": Set {},
          "nextExpirationTimeToWorkOn": 0,
          "nextScheduledRoot": null,
          "pendingChildren": null,
          "pendingCommitExpirationTime": 0,
          "pendingContext": null,
          "pendingInteractionMap": Map {},
          "pingCache": null,
          "timeoutHandle": -1,
        },
        "tag": 3,
        "treeBaseDuration": 0,
        "type": null,
        "updateQueue": Object {
          "baseState": Object {
            "element": <WrapperComponent
              Component={[Function]}
              context={null}
              props={
                Object {
                  "label": "Filetype",
                  "onSelectCallBack": [MockFunction],
                  "options": Array [
                    Object {
                      "text": "Comma separated values (CSV)",
                      "value": "slycat-csv-parser",
                    },
                    Object {
                      "text": "Dakota tabular",
                      "value": "slycat-dakota-parser",
                    },
                  ],
                }
              }
              wrappingComponentProps={null}
            />,
          },
          "firstCapturedEffect": null,
          "firstCapturedUpdate": null,
          "firstEffect": null,
          "firstUpdate": null,
          "lastCapturedEffect": null,
          "lastCapturedUpdate": null,
          "lastEffect": null,
          "lastUpdate": null,
        },
      },
      "pendingProps": Object {
        "Component": [Function],
        "context": null,
        "props": Object {
          "label": "Filetype",
          "onSelectCallBack": [MockFunction],
          "options": Array [
            Object {
              "text": "Comma separated values (CSV)",
              "value": "slycat-csv-parser",
            },
            Object {
              "text": "Dakota tabular",
              "value": "slycat-dakota-parser",
            },
          ],
        },
        "wrappingComponentProps": null,
      },
      "ref": null,
      "return": FiberNode {
        "_debugHookTypes": null,
        "_debugID": 72,
        "_debugIsCurrentlyTiming": false,
        "_debugOwner": null,
        "_debugSource": null,
        "actualDuration": 0,
        "actualStartTime": -1,
        "alternate": FiberNode {
          "_debugHookTypes": null,
          "_debugID": 72,
          "_debugIsCurrentlyTiming": false,
          "_debugOwner": null,
          "_debugSource": null,
          "actualDuration": 0,
          "actualStartTime": -1,
          "alternate": [Circular],
          "child": null,
          "childExpirationTime": 0,
          "contextDependencies": null,
          "effectTag": 0,
          "elementType": null,
          "expirationTime": 1073741823,
          "firstEffect": null,
          "index": 0,
          "key": null,
          "lastEffect": null,
          "memoizedProps": null,
          "memoizedState": null,
          "mode": 0,
          "nextEffect": null,
          "pendingProps": null,
          "ref": null,
          "return": null,
          "selfBaseDuration": 0,
          "sibling": null,
          "stateNode": Object {
            "containerInfo": <div>
              <div
                class="form-group row"
              >
                <label
                  class="col-sm-1 col-form-label"
                >
                  Filetype
                </label>
                <div
                  class="col-sm-10"
                >
                  <select
                    class="form-control"
                  >
                    <option
                      value="slycat-csv-parser"
                    >
                      Comma separated values (CSV)
                    </option>
                    <option
                      value="slycat-dakota-parser"
                    >
                      Dakota tabular
                    </option>
                  </select>
                </div>
              </div>
            </div>,
            "context": Object {},
            "current": [Circular],
            "didError": false,
            "earliestPendingTime": 0,
            "earliestSuspendedTime": 0,
            "expirationTime": 0,
            "finishedWork": null,
            "firstBatch": null,
            "hydrate": false,
            "interactionThreadID": 17,
            "latestPendingTime": 0,
            "latestPingedTime": 0,
            "latestSuspendedTime": 0,
            "memoizedInteractions": Set {},
            "nextExpirationTimeToWorkOn": 0,
            "nextScheduledRoot": null,
            "pendingChildren": null,
            "pendingCommitExpirationTime": 0,
            "pendingContext": null,
            "pendingInteractionMap": Map {},
            "pingCache": null,
            "timeoutHandle": -1,
          },
          "tag": 3,
          "treeBaseDuration": 0,
          "type": null,
          "updateQueue": Object {
            "baseState": null,
            "firstCapturedEffect": null,
            "firstCapturedUpdate": null,
            "firstEffect": null,
            "firstUpdate": Object {
              "callback": null,
              "expirationTime": 1073741823,
              "next": null,
              "nextEffect": null,
              "payload": Object {
                "element": <WrapperComponent
                  Component={[Function]}
                  context={null}
                  props={
                    Object {
                      "label": "Filetype",
                      "onSelectCallBack": [MockFunction],
                      "options": Array [
                        Object {
                          "text": "Comma separated values (CSV)",
                          "value": "slycat-csv-parser",
                        },
                        Object {
                          "text": "Dakota tabular",
                          "value": "slycat-dakota-parser",
                        },
                      ],
                    }
                  }
                  wrappingComponentProps={null}
                />,
              },
              "tag": 0,
            },
            "lastCapturedEffect": null,
            "lastCapturedUpdate": null,
            "lastEffect": null,
            "lastUpdate": Object {
              "callback": null,
              "expirationTime": 1073741823,
              "next": null,
              "nextEffect": null,
              "payload": Object {
                "element": <WrapperComponent
                  Component={[Function]}
                  context={null}
                  props={
                    Object {
                      "label": "Filetype",
                      "onSelectCallBack": [MockFunction],
                      "options": Array [
                        Object {
                          "text": "Comma separated values (CSV)",
                          "value": "slycat-csv-parser",
                        },
                        Object {
                          "text": "Dakota tabular",
                          "value": "slycat-dakota-parser",
                        },
                      ],
                    }
                  }
                  wrappingComponentProps={null}
                />,
              },
              "tag": 0,
            },
          },
        },
        "child": [Circular],
        "childExpirationTime": 0,
        "contextDependencies": null,
        "effectTag": 32,
        "elementType": null,
        "expirationTime": 0,
        "firstEffect": [Circular],
        "index": 0,
        "key": null,
        "lastEffect": [Circular],
        "memoizedProps": null,
        "memoizedState": Object {
          "element": <WrapperComponent
            Component={[Function]}
            context={null}
            props={
              Object {
                "label": "Filetype",
                "onSelectCallBack": [MockFunction],
                "options": Array [
                  Object {
                    "text": "Comma separated values (CSV)",
                    "value": "slycat-csv-parser",
                  },
                  Object {
                    "text": "Dakota tabular",
                    "value": "slycat-dakota-parser",
                  },
                ],
              }
            }
            wrappingComponentProps={null}
          />,
        },
        "mode": 0,
        "nextEffect": null,
        "pendingProps": null,
        "ref": null,
        "return": null,
        "selfBaseDuration": 0,
        "sibling": null,
        "stateNode": Object {
          "containerInfo": <div>
            <div
              class="form-group row"
            >
              <label
                class="col-sm-1 col-form-label"
              >
                Filetype
              </label>
              <div
                class="col-sm-10"
              >
                <select
                  class="form-control"
                >
                  <option
                    value="slycat-csv-parser"
                  >
                    Comma separated values (CSV)
                  </option>
                  <option
                    value="slycat-dakota-parser"
                  >
                    Dakota tabular
                  </option>
                </select>
              </div>
            </div>
          </div>,
          "context": Object {},
          "current": [Circular],
          "didError": false,
          "earliestPendingTime": 0,
          "earliestSuspendedTime": 0,
          "expirationTime": 0,
          "finishedWork": null,
          "firstBatch": null,
          "hydrate": false,
          "interactionThreadID": 17,
          "latestPendingTime": 0,
          "latestPingedTime": 0,
          "latestSuspendedTime": 0,
          "memoizedInteractions": Set {},
          "nextExpirationTimeToWorkOn": 0,
          "nextScheduledRoot": null,
          "pendingChildren": null,
          "pendingCommitExpirationTime": 0,
          "pendingContext": null,
          "pendingInteractionMap": Map {},
          "pingCache": null,
          "timeoutHandle": -1,
        },
        "tag": 3,
        "treeBaseDuration": 0,
        "type": null,
        "updateQueue": Object {
          "baseState": Object {
            "element": <WrapperComponent
              Component={[Function]}
              context={null}
              props={
                Object {
                  "label": "Filetype",
                  "onSelectCallBack": [MockFunction],
                  "options": Array [
                    Object {
                      "text": "Comma separated values (CSV)",
                      "value": "slycat-csv-parser",
                    },
                    Object {
                      "text": "Dakota tabular",
                      "value": "slycat-dakota-parser",
                    },
                  ],
                }
              }
              wrappingComponentProps={null}
            />,
          },
          "firstCapturedEffect": null,
          "firstCapturedUpdate": null,
          "firstEffect": null,
          "firstUpdate": null,
          "lastCapturedEffect": null,
          "lastCapturedUpdate": null,
          "lastEffect": null,
          "lastUpdate": null,
        },
      },
      "selfBaseDuration": 0,
      "sibling": null,
      "stateNode": WrapperComponent {
        "_reactInternalFiber": [Circular],
        "_reactInternalInstance": Object {},
        "context": Object {},
        "props": Object {
          "Component": [Function],
          "context": null,
          "props": Object {
            "label": "Filetype",
            "onSelectCallBack": [MockFunction],
            "options": Array [
              Object {
                "text": "Comma separated values (CSV)",
                "value": "slycat-csv-parser",
              },
              Object {
                "text": "Dakota tabular",
                "value": "slycat-dakota-parser",
              },
            ],
          },
          "wrappingComponentProps": null,
        },
        "refs": Object {},
        "rootFinderInstance": null,
        "state": Object {
          "context": null,
          "mount": true,
          "props": Object {
            "label": "Filetype",
            "onSelectCallBack": [MockFunction],
            "options": Array [
              Object {
                "text": "Comma separated values (CSV)",
                "value": "slycat-csv-parser",
              },
              Object {
                "text": "Dakota tabular",
                "value": "slycat-dakota-parser",
              },
            ],
          },
          "wrappingComponentProps": null,
        },
        "updater": Object {
          "enqueueForceUpdate": [Function],
          "enqueueReplaceState": [Function],
          "enqueueSetState": [Function],
          "isMounted": [Function],
        },
      },
      "tag": 1,
      "treeBaseDuration": 0,
      "type": [Function],
      "updateQueue": null,
    },
    "selfBaseDuration": 0,
    "sibling": null,
    "stateNode": [Circular],
    "tag": 1,
    "treeBaseDuration": 0,
    "type": [Function],
    "updateQueue": null,
  },
  "_reactInternalInstance": Object {},
  "context": Object {},
  "getOptions": [Function],
  "props": Object {
    "label": "Filetype",
    "onSelectCallBack": [MockFunction],
    "options": Array [
      Object {
        "text": "Comma separated values (CSV)",
        "value": "slycat-csv-parser",
      },
      Object {
        "text": "Dakota tabular",
        "value": "slycat-dakota-parser",
      },
    ],
  },
  "refs": Object {},
  "state": Object {},
  "updater": Object {
    "enqueueForceUpdate": [Function],
    "enqueueReplaceState": [Function],
    "enqueueSetState": [Function],
    "isMounted": [Function],
  },
}
`;
