// Jest Snapshot v1, https://goo.gl/fbAQLP

exports[`when loading a warning message we have expected props on initial load 1`] = `
Object {
  "warningMessage": Array [
    "test1",
    "test2",
    "test3",
  ],
}
`;

exports[`when loading a warning message we should have a full initialization 1`] = `
Warning {
  "_reactInternalFiber": FiberNode {
    "_debugHookTypes": null,
    "_debugID": 93,
    "_debugIsCurrentlyTiming": false,
    "_debugOwner": FiberNode {
      "_debugHookTypes": null,
      "_debugID": 92,
      "_debugIsCurrentlyTiming": false,
      "_debugOwner": null,
      "_debugSource": null,
      "actualDuration": 0,
      "actualStartTime": -1,
      "alternate": null,
      "child": [Circular],
      "childExpirationTime": 0,
      "contextDependencies": null,
      "effectTag": 1,
      "elementType": [Function],
      "expirationTime": 0,
      "firstEffect": null,
      "index": 0,
      "key": null,
      "lastEffect": null,
      "memoizedProps": Object {
        "Component": [Function],
        "context": null,
        "props": Object {
          "warningMessage": Array [
            "test1",
            "test2",
            "test3",
          ],
        },
        "wrappingComponentProps": null,
      },
      "memoizedState": Object {
        "context": null,
        "mount": true,
        "props": Object {
          "warningMessage": Array [
            "test1",
            "test2",
            "test3",
          ],
        },
        "wrappingComponentProps": null,
      },
      "mode": 0,
      "nextEffect": FiberNode {
        "_debugHookTypes": null,
        "_debugID": 90,
        "_debugIsCurrentlyTiming": false,
        "_debugOwner": null,
        "_debugSource": null,
        "actualDuration": 0,
        "actualStartTime": -1,
        "alternate": FiberNode {
          "_debugHookTypes": null,
          "_debugID": 90,
          "_debugIsCurrentlyTiming": false,
          "_debugOwner": null,
          "_debugSource": null,
          "actualDuration": 0,
          "actualStartTime": -1,
          "alternate": [Circular],
          "child": null,
          "childExpirationTime": 0,
          "contextDependencies": null,
          "effectTag": 0,
          "elementType": null,
          "expirationTime": 1073741823,
          "firstEffect": null,
          "index": 0,
          "key": null,
          "lastEffect": null,
          "memoizedProps": null,
          "memoizedState": null,
          "mode": 0,
          "nextEffect": null,
          "pendingProps": null,
          "ref": null,
          "return": null,
          "selfBaseDuration": 0,
          "sibling": null,
          "stateNode": Object {
            "containerInfo": <div>
              <div>
                <div>
                  <label
                    style="color: red; font-size: 15.5px; text-align: center; background-color: rgb(255, 255, 153); font-weight: bold;"
                  >
                    test1
                  </label>
                </div>
                <div>
                  <label
                    style="color: red; font-size: 15.5px; text-align: center; background-color: rgb(255, 255, 153); font-weight: bold;"
                  >
                    test2
                  </label>
                </div>
                <div>
                  <label
                    style="color: red; font-size: 15.5px; text-align: center; background-color: rgb(255, 255, 153); font-weight: bold;"
                  >
                    test3
                  </label>
                </div>
              </div>
            </div>,
            "context": Object {},
            "current": [Circular],
            "didError": false,
            "earliestPendingTime": 0,
            "earliestSuspendedTime": 0,
            "expirationTime": 0,
            "finishedWork": null,
            "firstBatch": null,
            "hydrate": false,
            "interactionThreadID": 19,
            "latestPendingTime": 0,
            "latestPingedTime": 0,
            "latestSuspendedTime": 0,
            "memoizedInteractions": Set {},
            "nextExpirationTimeToWorkOn": 0,
            "nextScheduledRoot": null,
            "pendingChildren": null,
            "pendingCommitExpirationTime": 0,
            "pendingContext": null,
            "pendingInteractionMap": Map {},
            "pingCache": null,
            "timeoutHandle": -1,
          },
          "tag": 3,
          "treeBaseDuration": 0,
          "type": null,
          "updateQueue": Object {
            "baseState": null,
            "firstCapturedEffect": null,
            "firstCapturedUpdate": null,
            "firstEffect": null,
            "firstUpdate": Object {
              "callback": null,
              "expirationTime": 1073741823,
              "next": null,
              "nextEffect": null,
              "payload": Object {
                "element": <WrapperComponent
                  Component={[Function]}
                  context={null}
                  props={
                    Object {
                      "warningMessage": Array [
                        "test1",
                        "test2",
                        "test3",
                      ],
                    }
                  }
                  wrappingComponentProps={null}
                />,
              },
              "tag": 0,
            },
            "lastCapturedEffect": null,
            "lastCapturedUpdate": null,
            "lastEffect": null,
            "lastUpdate": Object {
              "callback": null,
              "expirationTime": 1073741823,
              "next": null,
              "nextEffect": null,
              "payload": Object {
                "element": <WrapperComponent
                  Component={[Function]}
                  context={null}
                  props={
                    Object {
                      "warningMessage": Array [
                        "test1",
                        "test2",
                        "test3",
                      ],
                    }
                  }
                  wrappingComponentProps={null}
                />,
              },
              "tag": 0,
            },
          },
        },
        "child": [Circular],
        "childExpirationTime": 0,
        "contextDependencies": null,
        "effectTag": 32,
        "elementType": null,
        "expirationTime": 0,
        "firstEffect": [Circular],
        "index": 0,
        "key": null,
        "lastEffect": [Circular],
        "memoizedProps": null,
        "memoizedState": Object {
          "element": <WrapperComponent
            Component={[Function]}
            context={null}
            props={
              Object {
                "warningMessage": Array [
                  "test1",
                  "test2",
                  "test3",
                ],
              }
            }
            wrappingComponentProps={null}
          />,
        },
        "mode": 0,
        "nextEffect": null,
        "pendingProps": null,
        "ref": null,
        "return": null,
        "selfBaseDuration": 0,
        "sibling": null,
        "stateNode": Object {
          "containerInfo": <div>
            <div>
              <div>
                <label
                  style="color: red; font-size: 15.5px; text-align: center; background-color: rgb(255, 255, 153); font-weight: bold;"
                >
                  test1
                </label>
              </div>
              <div>
                <label
                  style="color: red; font-size: 15.5px; text-align: center; background-color: rgb(255, 255, 153); font-weight: bold;"
                >
                  test2
                </label>
              </div>
              <div>
                <label
                  style="color: red; font-size: 15.5px; text-align: center; background-color: rgb(255, 255, 153); font-weight: bold;"
                >
                  test3
                </label>
              </div>
            </div>
          </div>,
          "context": Object {},
          "current": [Circular],
          "didError": false,
          "earliestPendingTime": 0,
          "earliestSuspendedTime": 0,
          "expirationTime": 0,
          "finishedWork": null,
          "firstBatch": null,
          "hydrate": false,
          "interactionThreadID": 19,
          "latestPendingTime": 0,
          "latestPingedTime": 0,
          "latestSuspendedTime": 0,
          "memoizedInteractions": Set {},
          "nextExpirationTimeToWorkOn": 0,
          "nextScheduledRoot": null,
          "pendingChildren": null,
          "pendingCommitExpirationTime": 0,
          "pendingContext": null,
          "pendingInteractionMap": Map {},
          "pingCache": null,
          "timeoutHandle": -1,
        },
        "tag": 3,
        "treeBaseDuration": 0,
        "type": null,
        "updateQueue": Object {
          "baseState": Object {
            "element": <WrapperComponent
              Component={[Function]}
              context={null}
              props={
                Object {
                  "warningMessage": Array [
                    "test1",
                    "test2",
                    "test3",
                  ],
                }
              }
              wrappingComponentProps={null}
            />,
          },
          "firstCapturedEffect": null,
          "firstCapturedUpdate": null,
          "firstEffect": null,
          "firstUpdate": null,
          "lastCapturedEffect": null,
          "lastCapturedUpdate": null,
          "lastEffect": null,
          "lastUpdate": null,
        },
      },
      "pendingProps": Object {
        "Component": [Function],
        "context": null,
        "props": Object {
          "warningMessage": Array [
            "test1",
            "test2",
            "test3",
          ],
        },
        "wrappingComponentProps": null,
      },
      "ref": null,
      "return": FiberNode {
        "_debugHookTypes": null,
        "_debugID": 90,
        "_debugIsCurrentlyTiming": false,
        "_debugOwner": null,
        "_debugSource": null,
        "actualDuration": 0,
        "actualStartTime": -1,
        "alternate": FiberNode {
          "_debugHookTypes": null,
          "_debugID": 90,
          "_debugIsCurrentlyTiming": false,
          "_debugOwner": null,
          "_debugSource": null,
          "actualDuration": 0,
          "actualStartTime": -1,
          "alternate": [Circular],
          "child": null,
          "childExpirationTime": 0,
          "contextDependencies": null,
          "effectTag": 0,
          "elementType": null,
          "expirationTime": 1073741823,
          "firstEffect": null,
          "index": 0,
          "key": null,
          "lastEffect": null,
          "memoizedProps": null,
          "memoizedState": null,
          "mode": 0,
          "nextEffect": null,
          "pendingProps": null,
          "ref": null,
          "return": null,
          "selfBaseDuration": 0,
          "sibling": null,
          "stateNode": Object {
            "containerInfo": <div>
              <div>
                <div>
                  <label
                    style="color: red; font-size: 15.5px; text-align: center; background-color: rgb(255, 255, 153); font-weight: bold;"
                  >
                    test1
                  </label>
                </div>
                <div>
                  <label
                    style="color: red; font-size: 15.5px; text-align: center; background-color: rgb(255, 255, 153); font-weight: bold;"
                  >
                    test2
                  </label>
                </div>
                <div>
                  <label
                    style="color: red; font-size: 15.5px; text-align: center; background-color: rgb(255, 255, 153); font-weight: bold;"
                  >
                    test3
                  </label>
                </div>
              </div>
            </div>,
            "context": Object {},
            "current": [Circular],
            "didError": false,
            "earliestPendingTime": 0,
            "earliestSuspendedTime": 0,
            "expirationTime": 0,
            "finishedWork": null,
            "firstBatch": null,
            "hydrate": false,
            "interactionThreadID": 19,
            "latestPendingTime": 0,
            "latestPingedTime": 0,
            "latestSuspendedTime": 0,
            "memoizedInteractions": Set {},
            "nextExpirationTimeToWorkOn": 0,
            "nextScheduledRoot": null,
            "pendingChildren": null,
            "pendingCommitExpirationTime": 0,
            "pendingContext": null,
            "pendingInteractionMap": Map {},
            "pingCache": null,
            "timeoutHandle": -1,
          },
          "tag": 3,
          "treeBaseDuration": 0,
          "type": null,
          "updateQueue": Object {
            "baseState": null,
            "firstCapturedEffect": null,
            "firstCapturedUpdate": null,
            "firstEffect": null,
            "firstUpdate": Object {
              "callback": null,
              "expirationTime": 1073741823,
              "next": null,
              "nextEffect": null,
              "payload": Object {
                "element": <WrapperComponent
                  Component={[Function]}
                  context={null}
                  props={
                    Object {
                      "warningMessage": Array [
                        "test1",
                        "test2",
                        "test3",
                      ],
                    }
                  }
                  wrappingComponentProps={null}
                />,
              },
              "tag": 0,
            },
            "lastCapturedEffect": null,
            "lastCapturedUpdate": null,
            "lastEffect": null,
            "lastUpdate": Object {
              "callback": null,
              "expirationTime": 1073741823,
              "next": null,
              "nextEffect": null,
              "payload": Object {
                "element": <WrapperComponent
                  Component={[Function]}
                  context={null}
                  props={
                    Object {
                      "warningMessage": Array [
                        "test1",
                        "test2",
                        "test3",
                      ],
                    }
                  }
                  wrappingComponentProps={null}
                />,
              },
              "tag": 0,
            },
          },
        },
        "child": [Circular],
        "childExpirationTime": 0,
        "contextDependencies": null,
        "effectTag": 32,
        "elementType": null,
        "expirationTime": 0,
        "firstEffect": [Circular],
        "index": 0,
        "key": null,
        "lastEffect": [Circular],
        "memoizedProps": null,
        "memoizedState": Object {
          "element": <WrapperComponent
            Component={[Function]}
            context={null}
            props={
              Object {
                "warningMessage": Array [
                  "test1",
                  "test2",
                  "test3",
                ],
              }
            }
            wrappingComponentProps={null}
          />,
        },
        "mode": 0,
        "nextEffect": null,
        "pendingProps": null,
        "ref": null,
        "return": null,
        "selfBaseDuration": 0,
        "sibling": null,
        "stateNode": Object {
          "containerInfo": <div>
            <div>
              <div>
                <label
                  style="color: red; font-size: 15.5px; text-align: center; background-color: rgb(255, 255, 153); font-weight: bold;"
                >
                  test1
                </label>
              </div>
              <div>
                <label
                  style="color: red; font-size: 15.5px; text-align: center; background-color: rgb(255, 255, 153); font-weight: bold;"
                >
                  test2
                </label>
              </div>
              <div>
                <label
                  style="color: red; font-size: 15.5px; text-align: center; background-color: rgb(255, 255, 153); font-weight: bold;"
                >
                  test3
                </label>
              </div>
            </div>
          </div>,
          "context": Object {},
          "current": [Circular],
          "didError": false,
          "earliestPendingTime": 0,
          "earliestSuspendedTime": 0,
          "expirationTime": 0,
          "finishedWork": null,
          "firstBatch": null,
          "hydrate": false,
          "interactionThreadID": 19,
          "latestPendingTime": 0,
          "latestPingedTime": 0,
          "latestSuspendedTime": 0,
          "memoizedInteractions": Set {},
          "nextExpirationTimeToWorkOn": 0,
          "nextScheduledRoot": null,
          "pendingChildren": null,
          "pendingCommitExpirationTime": 0,
          "pendingContext": null,
          "pendingInteractionMap": Map {},
          "pingCache": null,
          "timeoutHandle": -1,
        },
        "tag": 3,
        "treeBaseDuration": 0,
        "type": null,
        "updateQueue": Object {
          "baseState": Object {
            "element": <WrapperComponent
              Component={[Function]}
              context={null}
              props={
                Object {
                  "warningMessage": Array [
                    "test1",
                    "test2",
                    "test3",
                  ],
                }
              }
              wrappingComponentProps={null}
            />,
          },
          "firstCapturedEffect": null,
          "firstCapturedUpdate": null,
          "firstEffect": null,
          "firstUpdate": null,
          "lastCapturedEffect": null,
          "lastCapturedUpdate": null,
          "lastEffect": null,
          "lastUpdate": null,
        },
      },
      "selfBaseDuration": 0,
      "sibling": null,
      "stateNode": WrapperComponent {
        "_reactInternalFiber": [Circular],
        "_reactInternalInstance": Object {},
        "context": Object {},
        "props": Object {
          "Component": [Function],
          "context": null,
          "props": Object {
            "warningMessage": Array [
              "test1",
              "test2",
              "test3",
            ],
          },
          "wrappingComponentProps": null,
        },
        "refs": Object {},
        "rootFinderInstance": null,
        "state": Object {
          "context": null,
          "mount": true,
          "props": Object {
            "warningMessage": Array [
              "test1",
              "test2",
              "test3",
            ],
          },
          "wrappingComponentProps": null,
        },
        "updater": Object {
          "enqueueForceUpdate": [Function],
          "enqueueReplaceState": [Function],
          "enqueueSetState": [Function],
          "isMounted": [Function],
        },
      },
      "tag": 1,
      "treeBaseDuration": 0,
      "type": [Function],
      "updateQueue": null,
    },
    "_debugSource": null,
    "actualDuration": 0,
    "actualStartTime": -1,
    "alternate": null,
    "child": FiberNode {
      "_debugHookTypes": null,
      "_debugID": 94,
      "_debugIsCurrentlyTiming": false,
      "_debugOwner": [Circular],
      "_debugSource": null,
      "actualDuration": 0,
      "actualStartTime": -1,
      "alternate": null,
      "child": FiberNode {
        "_debugHookTypes": null,
        "_debugID": 95,
        "_debugIsCurrentlyTiming": false,
        "_debugOwner": [Circular],
        "_debugSource": null,
        "actualDuration": 0,
        "actualStartTime": -1,
        "alternate": null,
        "child": FiberNode {
          "_debugHookTypes": null,
          "_debugID": 98,
          "_debugIsCurrentlyTiming": false,
          "_debugOwner": [Circular],
          "_debugSource": null,
          "actualDuration": 0,
          "actualStartTime": -1,
          "alternate": null,
          "child": null,
          "childExpirationTime": 0,
          "contextDependencies": null,
          "effectTag": 0,
          "elementType": "label",
          "expirationTime": 0,
          "firstEffect": null,
          "index": 0,
          "key": null,
          "lastEffect": null,
          "memoizedProps": Object {
            "children": "test1",
            "style": Object {
              "backgroundColor": "#FFFF99",
              "color": "red",
              "fontSize": "15.5px",
              "fontWeight": "bold",
              "textAlign": "center",
            },
          },
          "memoizedState": null,
          "mode": 0,
          "nextEffect": null,
          "pendingProps": Object {
            "children": "test1",
            "style": Object {
              "backgroundColor": "#FFFF99",
              "color": "red",
              "fontSize": "15.5px",
              "fontWeight": "bold",
              "textAlign": "center",
            },
          },
          "ref": null,
          "return": [Circular],
          "selfBaseDuration": 0,
          "sibling": null,
          "stateNode": <label
            style="color: red; font-size: 15.5px; text-align: center; background-color: rgb(255, 255, 153); font-weight: bold;"
          >
            test1
          </label>,
          "tag": 5,
          "treeBaseDuration": 0,
          "type": "label",
          "updateQueue": null,
        },
        "childExpirationTime": 0,
        "contextDependencies": null,
        "effectTag": 0,
        "elementType": "div",
        "expirationTime": 0,
        "firstEffect": null,
        "index": 0,
        "key": "0",
        "lastEffect": null,
        "memoizedProps": Object {
          "children": <label
            style={
              Object {
                "backgroundColor": "#FFFF99",
                "color": "red",
                "fontSize": "15.5px",
                "fontWeight": "bold",
                "textAlign": "center",
              }
            }
          >
            test1
          </label>,
        },
        "memoizedState": null,
        "mode": 0,
        "nextEffect": null,
        "pendingProps": Object {
          "children": <label
            style={
              Object {
                "backgroundColor": "#FFFF99",
                "color": "red",
                "fontSize": "15.5px",
                "fontWeight": "bold",
                "textAlign": "center",
              }
            }
          >
            test1
          </label>,
        },
        "ref": null,
        "return": [Circular],
        "selfBaseDuration": 0,
        "sibling": FiberNode {
          "_debugHookTypes": null,
          "_debugID": 96,
          "_debugIsCurrentlyTiming": false,
          "_debugOwner": [Circular],
          "_debugSource": null,
          "actualDuration": 0,
          "actualStartTime": -1,
          "alternate": null,
          "child": FiberNode {
            "_debugHookTypes": null,
            "_debugID": 99,
            "_debugIsCurrentlyTiming": false,
            "_debugOwner": [Circular],
            "_debugSource": null,
            "actualDuration": 0,
            "actualStartTime": -1,
            "alternate": null,
            "child": null,
            "childExpirationTime": 0,
            "contextDependencies": null,
            "effectTag": 0,
            "elementType": "label",
            "expirationTime": 0,
            "firstEffect": null,
            "index": 0,
            "key": null,
            "lastEffect": null,
            "memoizedProps": Object {
              "children": "test2",
              "style": Object {
                "backgroundColor": "#FFFF99",
                "color": "red",
                "fontSize": "15.5px",
                "fontWeight": "bold",
                "textAlign": "center",
              },
            },
            "memoizedState": null,
            "mode": 0,
            "nextEffect": null,
            "pendingProps": Object {
              "children": "test2",
              "style": Object {
                "backgroundColor": "#FFFF99",
                "color": "red",
                "fontSize": "15.5px",
                "fontWeight": "bold",
                "textAlign": "center",
              },
            },
            "ref": null,
            "return": [Circular],
            "selfBaseDuration": 0,
            "sibling": null,
            "stateNode": <label
              style="color: red; font-size: 15.5px; text-align: center; background-color: rgb(255, 255, 153); font-weight: bold;"
            >
              test2
            </label>,
            "tag": 5,
            "treeBaseDuration": 0,
            "type": "label",
            "updateQueue": null,
          },
          "childExpirationTime": 0,
          "contextDependencies": null,
          "effectTag": 0,
          "elementType": "div",
          "expirationTime": 0,
          "firstEffect": null,
          "index": 1,
          "key": "1",
          "lastEffect": null,
          "memoizedProps": Object {
            "children": <label
              style={
                Object {
                  "backgroundColor": "#FFFF99",
                  "color": "red",
                  "fontSize": "15.5px",
                  "fontWeight": "bold",
                  "textAlign": "center",
                }
              }
            >
              test2
            </label>,
          },
          "memoizedState": null,
          "mode": 0,
          "nextEffect": null,
          "pendingProps": Object {
            "children": <label
              style={
                Object {
                  "backgroundColor": "#FFFF99",
                  "color": "red",
                  "fontSize": "15.5px",
                  "fontWeight": "bold",
                  "textAlign": "center",
                }
              }
            >
              test2
            </label>,
          },
          "ref": null,
          "return": [Circular],
          "selfBaseDuration": 0,
          "sibling": FiberNode {
            "_debugHookTypes": null,
            "_debugID": 97,
            "_debugIsCurrentlyTiming": false,
            "_debugOwner": [Circular],
            "_debugSource": null,
            "actualDuration": 0,
            "actualStartTime": -1,
            "alternate": null,
            "child": FiberNode {
              "_debugHookTypes": null,
              "_debugID": 100,
              "_debugIsCurrentlyTiming": false,
              "_debugOwner": [Circular],
              "_debugSource": null,
              "actualDuration": 0,
              "actualStartTime": -1,
              "alternate": null,
              "child": null,
              "childExpirationTime": 0,
              "contextDependencies": null,
              "effectTag": 0,
              "elementType": "label",
              "expirationTime": 0,
              "firstEffect": null,
              "index": 0,
              "key": null,
              "lastEffect": null,
              "memoizedProps": Object {
                "children": "test3",
                "style": Object {
                  "backgroundColor": "#FFFF99",
                  "color": "red",
                  "fontSize": "15.5px",
                  "fontWeight": "bold",
                  "textAlign": "center",
                },
              },
              "memoizedState": null,
              "mode": 0,
              "nextEffect": null,
              "pendingProps": Object {
                "children": "test3",
                "style": Object {
                  "backgroundColor": "#FFFF99",
                  "color": "red",
                  "fontSize": "15.5px",
                  "fontWeight": "bold",
                  "textAlign": "center",
                },
              },
              "ref": null,
              "return": [Circular],
              "selfBaseDuration": 0,
              "sibling": null,
              "stateNode": <label
                style="color: red; font-size: 15.5px; text-align: center; background-color: rgb(255, 255, 153); font-weight: bold;"
              >
                test3
              </label>,
              "tag": 5,
              "treeBaseDuration": 0,
              "type": "label",
              "updateQueue": null,
            },
            "childExpirationTime": 0,
            "contextDependencies": null,
            "effectTag": 0,
            "elementType": "div",
            "expirationTime": 0,
            "firstEffect": null,
            "index": 2,
            "key": "2",
            "lastEffect": null,
            "memoizedProps": Object {
              "children": <label
                style={
                  Object {
                    "backgroundColor": "#FFFF99",
                    "color": "red",
                    "fontSize": "15.5px",
                    "fontWeight": "bold",
                    "textAlign": "center",
                  }
                }
              >
                test3
              </label>,
            },
            "memoizedState": null,
            "mode": 0,
            "nextEffect": null,
            "pendingProps": Object {
              "children": <label
                style={
                  Object {
                    "backgroundColor": "#FFFF99",
                    "color": "red",
                    "fontSize": "15.5px",
                    "fontWeight": "bold",
                    "textAlign": "center",
                  }
                }
              >
                test3
              </label>,
            },
            "ref": null,
            "return": [Circular],
            "selfBaseDuration": 0,
            "sibling": null,
            "stateNode": <div>
              <label
                style="color: red; font-size: 15.5px; text-align: center; background-color: rgb(255, 255, 153); font-weight: bold;"
              >
                test3
              </label>
            </div>,
            "tag": 5,
            "treeBaseDuration": 0,
            "type": "div",
            "updateQueue": null,
          },
          "stateNode": <div>
            <label
              style="color: red; font-size: 15.5px; text-align: center; background-color: rgb(255, 255, 153); font-weight: bold;"
            >
              test2
            </label>
          </div>,
          "tag": 5,
          "treeBaseDuration": 0,
          "type": "div",
          "updateQueue": null,
        },
        "stateNode": <div>
          <label
            style="color: red; font-size: 15.5px; text-align: center; background-color: rgb(255, 255, 153); font-weight: bold;"
          >
            test1
          </label>
        </div>,
        "tag": 5,
        "treeBaseDuration": 0,
        "type": "div",
        "updateQueue": null,
      },
      "childExpirationTime": 0,
      "contextDependencies": null,
      "effectTag": 0,
      "elementType": "div",
      "expirationTime": 0,
      "firstEffect": null,
      "index": 0,
      "key": null,
      "lastEffect": null,
      "memoizedProps": Object {
        "children": Array [
          <div>
            <label
              style={
                Object {
                  "backgroundColor": "#FFFF99",
                  "color": "red",
                  "fontSize": "15.5px",
                  "fontWeight": "bold",
                  "textAlign": "center",
                }
              }
            >
              test1
            </label>
          </div>,
          <div>
            <label
              style={
                Object {
                  "backgroundColor": "#FFFF99",
                  "color": "red",
                  "fontSize": "15.5px",
                  "fontWeight": "bold",
                  "textAlign": "center",
                }
              }
            >
              test2
            </label>
          </div>,
          <div>
            <label
              style={
                Object {
                  "backgroundColor": "#FFFF99",
                  "color": "red",
                  "fontSize": "15.5px",
                  "fontWeight": "bold",
                  "textAlign": "center",
                }
              }
            >
              test3
            </label>
          </div>,
        ],
      },
      "memoizedState": null,
      "mode": 0,
      "nextEffect": null,
      "pendingProps": Object {
        "children": Array [
          <div>
            <label
              style={
                Object {
                  "backgroundColor": "#FFFF99",
                  "color": "red",
                  "fontSize": "15.5px",
                  "fontWeight": "bold",
                  "textAlign": "center",
                }
              }
            >
              test1
            </label>
          </div>,
          <div>
            <label
              style={
                Object {
                  "backgroundColor": "#FFFF99",
                  "color": "red",
                  "fontSize": "15.5px",
                  "fontWeight": "bold",
                  "textAlign": "center",
                }
              }
            >
              test2
            </label>
          </div>,
          <div>
            <label
              style={
                Object {
                  "backgroundColor": "#FFFF99",
                  "color": "red",
                  "fontSize": "15.5px",
                  "fontWeight": "bold",
                  "textAlign": "center",
                }
              }
            >
              test3
            </label>
          </div>,
        ],
      },
      "ref": null,
      "return": [Circular],
      "selfBaseDuration": 0,
      "sibling": null,
      "stateNode": <div>
        <div>
          <label
            style="color: red; font-size: 15.5px; text-align: center; background-color: rgb(255, 255, 153); font-weight: bold;"
          >
            test1
          </label>
        </div>
        <div>
          <label
            style="color: red; font-size: 15.5px; text-align: center; background-color: rgb(255, 255, 153); font-weight: bold;"
          >
            test2
          </label>
        </div>
        <div>
          <label
            style="color: red; font-size: 15.5px; text-align: center; background-color: rgb(255, 255, 153); font-weight: bold;"
          >
            test3
          </label>
        </div>
      </div>,
      "tag": 5,
      "treeBaseDuration": 0,
      "type": "div",
      "updateQueue": null,
    },
    "childExpirationTime": 0,
    "contextDependencies": null,
    "effectTag": 1,
    "elementType": [Function],
    "expirationTime": 0,
    "firstEffect": null,
    "index": 0,
    "key": null,
    "lastEffect": null,
    "memoizedProps": Object {
      "warningMessage": Array [
        "test1",
        "test2",
        "test3",
      ],
    },
    "memoizedState": null,
    "mode": 0,
    "nextEffect": null,
    "pendingProps": Object {
      "warningMessage": Array [
        "test1",
        "test2",
        "test3",
      ],
    },
    "ref": null,
    "return": FiberNode {
      "_debugHookTypes": null,
      "_debugID": 92,
      "_debugIsCurrentlyTiming": false,
      "_debugOwner": null,
      "_debugSource": null,
      "actualDuration": 0,
      "actualStartTime": -1,
      "alternate": null,
      "child": [Circular],
      "childExpirationTime": 0,
      "contextDependencies": null,
      "effectTag": 1,
      "elementType": [Function],
      "expirationTime": 0,
      "firstEffect": null,
      "index": 0,
      "key": null,
      "lastEffect": null,
      "memoizedProps": Object {
        "Component": [Function],
        "context": null,
        "props": Object {
          "warningMessage": Array [
            "test1",
            "test2",
            "test3",
          ],
        },
        "wrappingComponentProps": null,
      },
      "memoizedState": Object {
        "context": null,
        "mount": true,
        "props": Object {
          "warningMessage": Array [
            "test1",
            "test2",
            "test3",
          ],
        },
        "wrappingComponentProps": null,
      },
      "mode": 0,
      "nextEffect": FiberNode {
        "_debugHookTypes": null,
        "_debugID": 90,
        "_debugIsCurrentlyTiming": false,
        "_debugOwner": null,
        "_debugSource": null,
        "actualDuration": 0,
        "actualStartTime": -1,
        "alternate": FiberNode {
          "_debugHookTypes": null,
          "_debugID": 90,
          "_debugIsCurrentlyTiming": false,
          "_debugOwner": null,
          "_debugSource": null,
          "actualDuration": 0,
          "actualStartTime": -1,
          "alternate": [Circular],
          "child": null,
          "childExpirationTime": 0,
          "contextDependencies": null,
          "effectTag": 0,
          "elementType": null,
          "expirationTime": 1073741823,
          "firstEffect": null,
          "index": 0,
          "key": null,
          "lastEffect": null,
          "memoizedProps": null,
          "memoizedState": null,
          "mode": 0,
          "nextEffect": null,
          "pendingProps": null,
          "ref": null,
          "return": null,
          "selfBaseDuration": 0,
          "sibling": null,
          "stateNode": Object {
            "containerInfo": <div>
              <div>
                <div>
                  <label
                    style="color: red; font-size: 15.5px; text-align: center; background-color: rgb(255, 255, 153); font-weight: bold;"
                  >
                    test1
                  </label>
                </div>
                <div>
                  <label
                    style="color: red; font-size: 15.5px; text-align: center; background-color: rgb(255, 255, 153); font-weight: bold;"
                  >
                    test2
                  </label>
                </div>
                <div>
                  <label
                    style="color: red; font-size: 15.5px; text-align: center; background-color: rgb(255, 255, 153); font-weight: bold;"
                  >
                    test3
                  </label>
                </div>
              </div>
            </div>,
            "context": Object {},
            "current": [Circular],
            "didError": false,
            "earliestPendingTime": 0,
            "earliestSuspendedTime": 0,
            "expirationTime": 0,
            "finishedWork": null,
            "firstBatch": null,
            "hydrate": false,
            "interactionThreadID": 19,
            "latestPendingTime": 0,
            "latestPingedTime": 0,
            "latestSuspendedTime": 0,
            "memoizedInteractions": Set {},
            "nextExpirationTimeToWorkOn": 0,
            "nextScheduledRoot": null,
            "pendingChildren": null,
            "pendingCommitExpirationTime": 0,
            "pendingContext": null,
            "pendingInteractionMap": Map {},
            "pingCache": null,
            "timeoutHandle": -1,
          },
          "tag": 3,
          "treeBaseDuration": 0,
          "type": null,
          "updateQueue": Object {
            "baseState": null,
            "firstCapturedEffect": null,
            "firstCapturedUpdate": null,
            "firstEffect": null,
            "firstUpdate": Object {
              "callback": null,
              "expirationTime": 1073741823,
              "next": null,
              "nextEffect": null,
              "payload": Object {
                "element": <WrapperComponent
                  Component={[Function]}
                  context={null}
                  props={
                    Object {
                      "warningMessage": Array [
                        "test1",
                        "test2",
                        "test3",
                      ],
                    }
                  }
                  wrappingComponentProps={null}
                />,
              },
              "tag": 0,
            },
            "lastCapturedEffect": null,
            "lastCapturedUpdate": null,
            "lastEffect": null,
            "lastUpdate": Object {
              "callback": null,
              "expirationTime": 1073741823,
              "next": null,
              "nextEffect": null,
              "payload": Object {
                "element": <WrapperComponent
                  Component={[Function]}
                  context={null}
                  props={
                    Object {
                      "warningMessage": Array [
                        "test1",
                        "test2",
                        "test3",
                      ],
                    }
                  }
                  wrappingComponentProps={null}
                />,
              },
              "tag": 0,
            },
          },
        },
        "child": [Circular],
        "childExpirationTime": 0,
        "contextDependencies": null,
        "effectTag": 32,
        "elementType": null,
        "expirationTime": 0,
        "firstEffect": [Circular],
        "index": 0,
        "key": null,
        "lastEffect": [Circular],
        "memoizedProps": null,
        "memoizedState": Object {
          "element": <WrapperComponent
            Component={[Function]}
            context={null}
            props={
              Object {
                "warningMessage": Array [
                  "test1",
                  "test2",
                  "test3",
                ],
              }
            }
            wrappingComponentProps={null}
          />,
        },
        "mode": 0,
        "nextEffect": null,
        "pendingProps": null,
        "ref": null,
        "return": null,
        "selfBaseDuration": 0,
        "sibling": null,
        "stateNode": Object {
          "containerInfo": <div>
            <div>
              <div>
                <label
                  style="color: red; font-size: 15.5px; text-align: center; background-color: rgb(255, 255, 153); font-weight: bold;"
                >
                  test1
                </label>
              </div>
              <div>
                <label
                  style="color: red; font-size: 15.5px; text-align: center; background-color: rgb(255, 255, 153); font-weight: bold;"
                >
                  test2
                </label>
              </div>
              <div>
                <label
                  style="color: red; font-size: 15.5px; text-align: center; background-color: rgb(255, 255, 153); font-weight: bold;"
                >
                  test3
                </label>
              </div>
            </div>
          </div>,
          "context": Object {},
          "current": [Circular],
          "didError": false,
          "earliestPendingTime": 0,
          "earliestSuspendedTime": 0,
          "expirationTime": 0,
          "finishedWork": null,
          "firstBatch": null,
          "hydrate": false,
          "interactionThreadID": 19,
          "latestPendingTime": 0,
          "latestPingedTime": 0,
          "latestSuspendedTime": 0,
          "memoizedInteractions": Set {},
          "nextExpirationTimeToWorkOn": 0,
          "nextScheduledRoot": null,
          "pendingChildren": null,
          "pendingCommitExpirationTime": 0,
          "pendingContext": null,
          "pendingInteractionMap": Map {},
          "pingCache": null,
          "timeoutHandle": -1,
        },
        "tag": 3,
        "treeBaseDuration": 0,
        "type": null,
        "updateQueue": Object {
          "baseState": Object {
            "element": <WrapperComponent
              Component={[Function]}
              context={null}
              props={
                Object {
                  "warningMessage": Array [
                    "test1",
                    "test2",
                    "test3",
                  ],
                }
              }
              wrappingComponentProps={null}
            />,
          },
          "firstCapturedEffect": null,
          "firstCapturedUpdate": null,
          "firstEffect": null,
          "firstUpdate": null,
          "lastCapturedEffect": null,
          "lastCapturedUpdate": null,
          "lastEffect": null,
          "lastUpdate": null,
        },
      },
      "pendingProps": Object {
        "Component": [Function],
        "context": null,
        "props": Object {
          "warningMessage": Array [
            "test1",
            "test2",
            "test3",
          ],
        },
        "wrappingComponentProps": null,
      },
      "ref": null,
      "return": FiberNode {
        "_debugHookTypes": null,
        "_debugID": 90,
        "_debugIsCurrentlyTiming": false,
        "_debugOwner": null,
        "_debugSource": null,
        "actualDuration": 0,
        "actualStartTime": -1,
        "alternate": FiberNode {
          "_debugHookTypes": null,
          "_debugID": 90,
          "_debugIsCurrentlyTiming": false,
          "_debugOwner": null,
          "_debugSource": null,
          "actualDuration": 0,
          "actualStartTime": -1,
          "alternate": [Circular],
          "child": null,
          "childExpirationTime": 0,
          "contextDependencies": null,
          "effectTag": 0,
          "elementType": null,
          "expirationTime": 1073741823,
          "firstEffect": null,
          "index": 0,
          "key": null,
          "lastEffect": null,
          "memoizedProps": null,
          "memoizedState": null,
          "mode": 0,
          "nextEffect": null,
          "pendingProps": null,
          "ref": null,
          "return": null,
          "selfBaseDuration": 0,
          "sibling": null,
          "stateNode": Object {
            "containerInfo": <div>
              <div>
                <div>
                  <label
                    style="color: red; font-size: 15.5px; text-align: center; background-color: rgb(255, 255, 153); font-weight: bold;"
                  >
                    test1
                  </label>
                </div>
                <div>
                  <label
                    style="color: red; font-size: 15.5px; text-align: center; background-color: rgb(255, 255, 153); font-weight: bold;"
                  >
                    test2
                  </label>
                </div>
                <div>
                  <label
                    style="color: red; font-size: 15.5px; text-align: center; background-color: rgb(255, 255, 153); font-weight: bold;"
                  >
                    test3
                  </label>
                </div>
              </div>
            </div>,
            "context": Object {},
            "current": [Circular],
            "didError": false,
            "earliestPendingTime": 0,
            "earliestSuspendedTime": 0,
            "expirationTime": 0,
            "finishedWork": null,
            "firstBatch": null,
            "hydrate": false,
            "interactionThreadID": 19,
            "latestPendingTime": 0,
            "latestPingedTime": 0,
            "latestSuspendedTime": 0,
            "memoizedInteractions": Set {},
            "nextExpirationTimeToWorkOn": 0,
            "nextScheduledRoot": null,
            "pendingChildren": null,
            "pendingCommitExpirationTime": 0,
            "pendingContext": null,
            "pendingInteractionMap": Map {},
            "pingCache": null,
            "timeoutHandle": -1,
          },
          "tag": 3,
          "treeBaseDuration": 0,
          "type": null,
          "updateQueue": Object {
            "baseState": null,
            "firstCapturedEffect": null,
            "firstCapturedUpdate": null,
            "firstEffect": null,
            "firstUpdate": Object {
              "callback": null,
              "expirationTime": 1073741823,
              "next": null,
              "nextEffect": null,
              "payload": Object {
                "element": <WrapperComponent
                  Component={[Function]}
                  context={null}
                  props={
                    Object {
                      "warningMessage": Array [
                        "test1",
                        "test2",
                        "test3",
                      ],
                    }
                  }
                  wrappingComponentProps={null}
                />,
              },
              "tag": 0,
            },
            "lastCapturedEffect": null,
            "lastCapturedUpdate": null,
            "lastEffect": null,
            "lastUpdate": Object {
              "callback": null,
              "expirationTime": 1073741823,
              "next": null,
              "nextEffect": null,
              "payload": Object {
                "element": <WrapperComponent
                  Component={[Function]}
                  context={null}
                  props={
                    Object {
                      "warningMessage": Array [
                        "test1",
                        "test2",
                        "test3",
                      ],
                    }
                  }
                  wrappingComponentProps={null}
                />,
              },
              "tag": 0,
            },
          },
        },
        "child": [Circular],
        "childExpirationTime": 0,
        "contextDependencies": null,
        "effectTag": 32,
        "elementType": null,
        "expirationTime": 0,
        "firstEffect": [Circular],
        "index": 0,
        "key": null,
        "lastEffect": [Circular],
        "memoizedProps": null,
        "memoizedState": Object {
          "element": <WrapperComponent
            Component={[Function]}
            context={null}
            props={
              Object {
                "warningMessage": Array [
                  "test1",
                  "test2",
                  "test3",
                ],
              }
            }
            wrappingComponentProps={null}
          />,
        },
        "mode": 0,
        "nextEffect": null,
        "pendingProps": null,
        "ref": null,
        "return": null,
        "selfBaseDuration": 0,
        "sibling": null,
        "stateNode": Object {
          "containerInfo": <div>
            <div>
              <div>
                <label
                  style="color: red; font-size: 15.5px; text-align: center; background-color: rgb(255, 255, 153); font-weight: bold;"
                >
                  test1
                </label>
              </div>
              <div>
                <label
                  style="color: red; font-size: 15.5px; text-align: center; background-color: rgb(255, 255, 153); font-weight: bold;"
                >
                  test2
                </label>
              </div>
              <div>
                <label
                  style="color: red; font-size: 15.5px; text-align: center; background-color: rgb(255, 255, 153); font-weight: bold;"
                >
                  test3
                </label>
              </div>
            </div>
          </div>,
          "context": Object {},
          "current": [Circular],
          "didError": false,
          "earliestPendingTime": 0,
          "earliestSuspendedTime": 0,
          "expirationTime": 0,
          "finishedWork": null,
          "firstBatch": null,
          "hydrate": false,
          "interactionThreadID": 19,
          "latestPendingTime": 0,
          "latestPingedTime": 0,
          "latestSuspendedTime": 0,
          "memoizedInteractions": Set {},
          "nextExpirationTimeToWorkOn": 0,
          "nextScheduledRoot": null,
          "pendingChildren": null,
          "pendingCommitExpirationTime": 0,
          "pendingContext": null,
          "pendingInteractionMap": Map {},
          "pingCache": null,
          "timeoutHandle": -1,
        },
        "tag": 3,
        "treeBaseDuration": 0,
        "type": null,
        "updateQueue": Object {
          "baseState": Object {
            "element": <WrapperComponent
              Component={[Function]}
              context={null}
              props={
                Object {
                  "warningMessage": Array [
                    "test1",
                    "test2",
                    "test3",
                  ],
                }
              }
              wrappingComponentProps={null}
            />,
          },
          "firstCapturedEffect": null,
          "firstCapturedUpdate": null,
          "firstEffect": null,
          "firstUpdate": null,
          "lastCapturedEffect": null,
          "lastCapturedUpdate": null,
          "lastEffect": null,
          "lastUpdate": null,
        },
      },
      "selfBaseDuration": 0,
      "sibling": null,
      "stateNode": WrapperComponent {
        "_reactInternalFiber": [Circular],
        "_reactInternalInstance": Object {},
        "context": Object {},
        "props": Object {
          "Component": [Function],
          "context": null,
          "props": Object {
            "warningMessage": Array [
              "test1",
              "test2",
              "test3",
            ],
          },
          "wrappingComponentProps": null,
        },
        "refs": Object {},
        "rootFinderInstance": null,
        "state": Object {
          "context": null,
          "mount": true,
          "props": Object {
            "warningMessage": Array [
              "test1",
              "test2",
              "test3",
            ],
          },
          "wrappingComponentProps": null,
        },
        "updater": Object {
          "enqueueForceUpdate": [Function],
          "enqueueReplaceState": [Function],
          "enqueueSetState": [Function],
          "isMounted": [Function],
        },
      },
      "tag": 1,
      "treeBaseDuration": 0,
      "type": [Function],
      "updateQueue": null,
    },
    "selfBaseDuration": 0,
    "sibling": null,
    "stateNode": [Circular],
    "tag": 1,
    "treeBaseDuration": 0,
    "type": [Function],
    "updateQueue": null,
  },
  "_reactInternalInstance": Object {},
  "context": Object {},
  "getLabels": [Function],
  "props": Object {
    "warningMessage": Array [
      "test1",
      "test2",
      "test3",
    ],
  },
  "refs": Object {},
  "state": null,
  "updater": Object {
    "enqueueForceUpdate": [Function],
    "enqueueReplaceState": [Function],
    "enqueueSetState": [Function],
    "isMounted": [Function],
  },
}
`;
