// Jest Snapshot v1, https://goo.gl/fbAQLP

exports[`Timeseries LoadingPage we have expected props on initial load 1`] = `
Object {
  "hostname": "hostname",
  "jid": "1234",
  "modelId": "modelID",
  "modelState": "waiting",
}
`;

exports[`Timeseries LoadingPage we have expected props on initial load 2`] = `
<div
  className="slycat-job-checker bootstrap-styles"
>
  <div
    className="slycat-job-checker-controls"
  >
    <InfoBar
      hostname="hostname"
      jid="1234"
      sessionExists={false}
    />
    <div
      style={
        Object {
          "paddingBottom": "15px",
          "paddingTop": "15px",
        }
      }
    >
      <ProgressBar
        hidden={false}
        progress={0}
      />
    </div>
    <div
      className="row justify-content-center"
    >
      <div
        className="btn-group col-8"
        role="group"
      >
        <LoadingPageButtons
          cancelJob={[Function]}
          connectModalCallBack={[Function]}
          hostname="hostname"
          jobStatus="Job Status Unknown"
          modalId="ConnectModal"
          modelShow={false}
          pullHPCData={[Function]}
          sessionExists={false}
        />
      </div>
    </div>
    <div
      className="row"
    >
      <div
        className="collapse col-12"
        id="collapseJobCodes"
      >
        <div
          className="card card-body"
        >
          <JobCodes />
        </div>
      </div>
    </div>
  </div>
  <div
    className="col-lg-12"
  >
    <div
      className="slycat-job-checker-output text-white bg-secondary"
    >
      <LogList
        jobStatus="Job Status Unknown"
        log={
          Object {
            "logLineArray": Array [],
          }
        }
        modalId="ConnectModal"
        modelId="modelID"
        modelMessage=""
        modelShow={false}
        modelState="waiting"
        progressBarHidden={false}
        progressBarProgress={0}
        pullCalled={0}
        sessionExists={false}
      />
    </div>
  </div>
</div>
`;

exports[`Timeseries LoadingPage we have expected state  on initial load 1`] = `
Object {
  "jobStatus": "Job Status Unknown",
  "log": Object {
    "logLineArray": Array [],
  },
  "modalId": "ConnectModal",
  "modelId": "modelID",
  "modelMessage": "",
  "modelShow": false,
  "modelState": "waiting",
  "progressBarHidden": false,
  "progressBarProgress": 0,
  "pullCalled": 0,
  "sessionExists": false,
}
`;
